Component: ARM Compiler 5.06 update 5 (build 528) Tool: armlink [4d35e2]

==============================================================================

Section Cross References

    startup_stm32f103xe.o(STACK) refers (Special) to heapauxi.o(.text) for __use_two_region_memory
    startup_stm32f103xe.o(HEAP) refers (Special) to heapauxi.o(.text) for __use_two_region_memory
    startup_stm32f103xe.o(RESET) refers (Special) to heapauxi.o(.text) for __use_two_region_memory
    startup_stm32f103xe.o(RESET) refers to startup_stm32f103xe.o(STACK) for __initial_sp
    startup_stm32f103xe.o(RESET) refers to startup_stm32f103xe.o(.text) for Reset_Handler
    startup_stm32f103xe.o(RESET) refers to stm32f1xx_it.o(i.NMI_Handler) for NMI_Handler
    startup_stm32f103xe.o(RESET) refers to stm32f1xx_it.o(i.HardFault_Handler) for HardFault_Handler
    startup_stm32f103xe.o(RESET) refers to stm32f1xx_it.o(i.MemManage_Handler) for MemManage_Handler
    startup_stm32f103xe.o(RESET) refers to stm32f1xx_it.o(i.BusFault_Handler) for BusFault_Handler
    startup_stm32f103xe.o(RESET) refers to stm32f1xx_it.o(i.UsageFault_Handler) for UsageFault_Handler
    startup_stm32f103xe.o(RESET) refers to stm32f1xx_it.o(i.SVC_Handler) for SVC_Handler
    startup_stm32f103xe.o(RESET) refers to stm32f1xx_it.o(i.DebugMon_Handler) for DebugMon_Handler
    startup_stm32f103xe.o(RESET) refers to stm32f1xx_it.o(i.PendSV_Handler) for PendSV_Handler
    startup_stm32f103xe.o(RESET) refers to stm32f1xx_it.o(i.SysTick_Handler) for SysTick_Handler
    startup_stm32f103xe.o(RESET) refers to stm32f1xx_it.o(i.DMA1_Channel4_IRQHandler) for DMA1_Channel4_IRQHandler
    startup_stm32f103xe.o(RESET) refers to stm32f1xx_it.o(i.DMA1_Channel5_IRQHandler) for DMA1_Channel5_IRQHandler
    startup_stm32f103xe.o(RESET) refers to stm32f1xx_it.o(i.TIM4_IRQHandler) for TIM4_IRQHandler
    startup_stm32f103xe.o(RESET) refers to stm32f1xx_it.o(i.USART1_IRQHandler) for USART1_IRQHandler
    startup_stm32f103xe.o(.text) refers (Special) to heapauxi.o(.text) for __use_two_region_memory
    startup_stm32f103xe.o(.text) refers to system_stm32f1xx.o(i.SystemInit) for SystemInit
    startup_stm32f103xe.o(.text) refers to __main.o(!!!main) for __main
    startup_stm32f103xe.o(.text) refers to startup_stm32f103xe.o(HEAP) for Heap_Mem
    startup_stm32f103xe.o(.text) refers to startup_stm32f103xe.o(STACK) for Stack_Mem
    main.o(i.HAL_TIM_PeriodElapsedCallback) refers to motor.o(i.PID_Motor_Get_Infos) for PID_Motor_Get_Infos
    main.o(i.HAL_TIM_PeriodElapsedCallback) refers to motor.o(i.PID_Motor_Pos_Control) for PID_Motor_Pos_Control
    main.o(i.HAL_TIM_PeriodElapsedCallback) refers to motor.o(i.PID_Motor_Control) for PID_Motor_Control
    main.o(i.HAL_TIM_PeriodElapsedCallback) refers to main.o(.bss) for .bss
    main.o(i.HAL_UARTEx_RxEventCallback) refers to scanf1.o(x$fpl$scanf1) for _scanf_real
    main.o(i.HAL_UARTEx_RxEventCallback) refers to __0sscanf.o(.text) for __0sscanf
    main.o(i.HAL_UARTEx_RxEventCallback) refers to motor.o(i.PID_Motor_Set_Target) for PID_Motor_Set_Target
    main.o(i.HAL_UARTEx_RxEventCallback) refers to motor.o(i.PID_Motor_Set_Pos) for PID_Motor_Set_Pos
    main.o(i.HAL_UARTEx_RxEventCallback) refers to stm32f1xx_hal_uart.o(i.HAL_UART_Transmit_DMA) for HAL_UART_Transmit_DMA
    main.o(i.HAL_UARTEx_RxEventCallback) refers to stm32f1xx_hal_uart.o(i.HAL_UARTEx_ReceiveToIdle_DMA) for HAL_UARTEx_ReceiveToIdle_DMA
    main.o(i.HAL_UARTEx_RxEventCallback) refers to main.o(.bss) for .bss
    main.o(i.MX_TIM2_Init) refers to rt_memclr_w.o(.text) for __aeabi_memclr4
    main.o(i.MX_TIM2_Init) refers to stm32f1xx_hal_tim.o(i.HAL_TIM_Encoder_Init) for HAL_TIM_Encoder_Init
    main.o(i.MX_TIM2_Init) refers to stm32f1xx_hal_tim_ex.o(i.HAL_TIMEx_MasterConfigSynchronization) for HAL_TIMEx_MasterConfigSynchronization
    main.o(i.MX_TIM2_Init) refers to main.o(.bss) for .bss
    main.o(i.MX_TIM3_Init) refers to rt_memclr_w.o(.text) for __aeabi_memclr4
    main.o(i.MX_TIM3_Init) refers to stm32f1xx_hal_tim.o(i.HAL_TIM_Base_Init) for HAL_TIM_Base_Init
    main.o(i.MX_TIM3_Init) refers to stm32f1xx_hal_tim.o(i.HAL_TIM_ConfigClockSource) for HAL_TIM_ConfigClockSource
    main.o(i.MX_TIM3_Init) refers to stm32f1xx_hal_tim.o(i.HAL_TIM_PWM_Init) for HAL_TIM_PWM_Init
    main.o(i.MX_TIM3_Init) refers to stm32f1xx_hal_tim_ex.o(i.HAL_TIMEx_MasterConfigSynchronization) for HAL_TIMEx_MasterConfigSynchronization
    main.o(i.MX_TIM3_Init) refers to stm32f1xx_hal_tim.o(i.HAL_TIM_PWM_ConfigChannel) for HAL_TIM_PWM_ConfigChannel
    main.o(i.MX_TIM3_Init) refers to stm32f1xx_hal_msp.o(i.HAL_TIM_MspPostInit) for HAL_TIM_MspPostInit
    main.o(i.MX_TIM3_Init) refers to main.o(.bss) for .bss
    main.o(i.MX_TIM4_Init) refers to stm32f1xx_hal_tim.o(i.HAL_TIM_Base_Init) for HAL_TIM_Base_Init
    main.o(i.MX_TIM4_Init) refers to stm32f1xx_hal_tim.o(i.HAL_TIM_ConfigClockSource) for HAL_TIM_ConfigClockSource
[...]
    i.PID_Motor_Pos_Control                  0x080041f4   Section        0  motor.o(i.PID_Motor_Pos_Control)
    i.PID_Motor_Run                          0x08004280   Section        0  motor.o(i.PID_Motor_Run)
    i.PID_Motor_Set_Pos                      0x08004358   Section        0  motor.o(i.PID_Motor_Set_Pos)
    i.PID_Motor_Set_Target                   0x0800435c   Section        0  motor.o(i.PID_Motor_Set_Target)
    i.PendSV_Handler                         0x08004388   Section        0  stm32f1xx_it.o(i.PendSV_Handler)
    i.SVC_Handler                            0x0800438a   Section        0  stm32f1xx_it.o(i.SVC_Handler)
    i.SysTick_Handler                        0x0800438c   Section        0  stm32f1xx_it.o(i.SysTick_Handler)
    i.SystemClock_Config                     0x08004390   Section        0  main.o(i.SystemClock_Config)
    i.SystemInit                             0x080043ee   Section        0  system_stm32f1xx.o(i.SystemInit)
    i.TIM4_IRQHandler                        0x080043f0   Section        0  stm32f1xx_it.o(i.TIM4_IRQHandler)
    i.TIM_Base_SetConfig                     0x080043fc   Section        0  stm32f1xx_hal_tim.o(i.TIM_Base_SetConfig)
    i.TIM_CCxChannelCmd                      0x08004498   Section        0  stm32f1xx_hal_tim.o(i.TIM_CCxChannelCmd)
    i.TIM_ETR_SetConfig                      0x080044b2   Section        0  stm32f1xx_hal_tim.o(i.TIM_ETR_SetConfig)
    i.TIM_ITRx_SetConfig                     0x080044c6   Section        0  stm32f1xx_hal_tim.o(i.TIM_ITRx_SetConfig)
    TIM_ITRx_SetConfig                       0x080044c7   Thumb Code    16  stm32f1xx_hal_tim.o(i.TIM_ITRx_SetConfig)
    i.TIM_OC1_SetConfig                      0x080044d8   Section        0  stm32f1xx_hal_tim.o(i.TIM_OC1_SetConfig)
    TIM_OC1_SetConfig                        0x080044d9   Thumb Code    88  stm32f1xx_hal_tim.o(i.TIM_OC1_SetConfig)
    i.TIM_OC2_SetConfig                      0x08004538   Section        0  stm32f1xx_hal_tim.o(i.TIM_OC2_SetConfig)
    i.TIM_OC3_SetConfig                      0x080045a4   Section        0  stm32f1xx_hal_tim.o(i.TIM_OC3_SetConfig)
    TIM_OC3_SetConfig                        0x080045a5   Thumb Code    96  stm32f1xx_hal_tim.o(i.TIM_OC3_SetConfig)
    i.TIM_OC4_SetConfig                      0x0800460c   Section        0  stm32f1xx_hal_tim.o(i.TIM_OC4_SetConfig)
    TIM_OC4_SetConfig                        0x0800460d   Thumb Code    70  stm32f1xx_hal_tim.o(i.TIM_OC4_SetConfig)
    i.TIM_TI1_ConfigInputStage               0x0800465c   Section        0  stm32f1xx_hal_tim.o(i.TIM_TI1_ConfigInputStage)
    TIM_TI1_ConfigInputStage                 0x0800465d   Thumb Code    34  stm32f1xx_hal_tim.o(i.TIM_TI1_ConfigInputStage)
    i.TIM_TI2_ConfigInputStage               0x0800467e   Section        0  stm32f1xx_hal_tim.o(i.TIM_TI2_ConfigInputStage)
    TIM_TI2_ConfigInputStage                 0x0800467f   Thumb Code    36  stm32f1xx_hal_tim.o(i.TIM_TI2_ConfigInputStage)
    i.UART_DMAAbortOnError                   0x080046a2   Section        0  stm32f1xx_hal_uart.o(i.UART_DMAAbortOnError)
    UART_DMAAbortOnError                     0x080046a3   Thumb Code    16  stm32f1xx_hal_uart.o(i.UART_DMAAbortOnError)
    i.UART_DMAError                          0x080046b2   Section        0  stm32f1xx_hal_uart.o(i.UART_DMAError)
    UART_DMAError                            0x080046b3   Thumb Code    74  stm32f1xx_hal_uart.o(i.UART_DMAError)
    i.UART_DMAReceiveCplt                    0x080046fc   Section        0  stm32f1xx_hal_uart.o(i.UART_DMAReceiveCplt)
    UART_DMAReceiveCplt                      0x080046fd   Thumb Code   134  stm32f1xx_hal_uart.o(i.UART_DMAReceiveCplt)
    i.UART_DMARxHalfCplt                     0x08004782   Section        0  stm32f1xx_hal_uart.o(i.UART_DMARxHalfCplt)
    UART_DMARxHalfCplt                       0x08004783   Thumb Code    30  stm32f1xx_hal_uart.o(i.UART_DMARxHalfCplt)
    i.UART_DMATransmitCplt                   0x080047a0   Section        0  stm32f1xx_hal_uart.o(i.UART_DMATransmitCplt)
    UART_DMATransmitCplt                     0x080047a1   Thumb Code    66  stm32f1xx_hal_uart.o(i.UART_DMATransmitCplt)
    i.UART_DMATxHalfCplt                     0x080047e2   Section        0  stm32f1xx_hal_uart.o(i.UART_DMATxHalfCplt)
    UART_DMATxHalfCplt                       0x080047e3   Thumb Code    10  stm32f1xx_hal_uart.o(i.UART_DMATxHalfCplt)
    i.UART_EndRxTransfer                     0x080047ec   Section        0  stm32f1xx_hal_uart.o(i.UART_EndRxTransfer)
    UART_EndRxTransfer                       0x080047ed   Thumb Code    78  stm32f1xx_hal_uart.o(i.UART_EndRxTransfer)
    i.UART_EndTxTransfer                     0x0800483a   Section        0  stm32f1xx_hal_uart.o(i.UART_EndTxTransfer)
    UART_EndTxTransfer                       0x0800483b   Thumb Code    28  stm32f1xx_hal_uart.o(i.UART_EndTxTransfer)
    i.UART_Receive_IT                        0x08004856   Section        0  stm32f1xx_hal_uart.o(i.UART_Receive_IT)
    UART_Receive_IT                          0x08004857   Thumb Code   194  stm32f1xx_hal_uart.o(i.UART_Receive_IT)
    i.UART_SetConfig                         0x08004918   Section        0  stm32f1xx_hal_uart.o(i.UART_SetConfig)
    UART_SetConfig                           0x08004919   Thumb Code   178  stm32f1xx_hal_uart.o(i.UART_SetConfig)
    i.UART_Start_Receive_DMA                 0x080049d0   Section        0  stm32f1xx_hal_uart.o(i.UART_Start_Receive_DMA)
    i.USART1_IRQHandler                      0x08004a60   Section        0  stm32f1xx_it.o(i.USART1_IRQHandler)
    i.UsageFault_Handler                     0x08004a6c   Section        0  stm32f1xx_it.o(i.UsageFault_Handler)
    i.__ARM_fpclassify                       0x08004a6e   Section        0  fpclassify.o(i.__ARM_fpclassify)
    i.__NVIC_SetPriority                     0x08004a96   Section        0  stm32f1xx_hal_cortex.o(i.__NVIC_SetPriority)
    __NVIC_SetPriority                       0x08004a97   Thumb Code    32  stm32f1xx_hal_cortex.o(i.__NVIC_SetPriority)
    i.__mathlib_dbl_overflow                 0x08004ab6   Section        0  dunder.o(i.__mathlib_dbl_overflow)
    i.__mathlib_dbl_underflow                0x08004ac4   Section        0  dunder.o(i.__mathlib_dbl_underflow)
    i.__mathlib_narrow                       0x08004ad4   Section        0  narrow.o(i.__mathlib_narrow)
    i.__mathlib_tofloat                      0x08004ae4   Section        0  narrow.o(i.__mathlib_tofloat)
    i.__support_ldexp                        0x08004ba0   Section        0  ldexp.o(i.__support_ldexp)
    i._is_digit                              0x08004bb6   Section        0  __printf_wp.o(i._is_digit)
    i.frexp                                  0x08004bc4   Section        0  frexp.o(i.frexp)
    i.ldexp                                  0x08004c1c   Section        0  ldexp.o(i.ldexp)
    i.main                                   0x08004c90   Section        0  main.o(i.main)
    locale$$code                             0x08004e9c   Section       44  lc_numeric_c.o(locale$$code)
    locale$$code                             0x08004ec8   Section       44  lc_ctype_c.o(locale$$code)
    x$fpl$d2f                                0x08004ef4   Section       98  d2f.o(x$fpl$d2f)
    x$fpl$dcheck1                            0x08004f58   Section       16  dcheck1.o(x$fpl$dcheck1)
    x$fpl$dcmpinf                            0x08004f68   Section       24  dcmpi.o(x$fpl$dcmpinf)
    x$fpl$deqf                               0x08004f80   Section      120  deqf.o(x$fpl$deqf)
    x$fpl$dleqf                              0x08004ff8   Section      120  dleqf.o(x$fpl$dleqf)
    x$fpl$dnaninf                            0x08005070   Section      156  dnaninf.o(x$fpl$dnaninf)
    x$fpl$dretinf                            0x0800510c   Section       12  dretinf.o(x$fpl$dretinf)
    x$fpl$drleqf                             0x08005118   Section      108  drleqf.o(x$fpl$drleqf)
    x$fpl$f2d                                0x08005184   Section       86  f2d.o(x$fpl$f2d)
    x$fpl$fadd                               0x080051dc   Section      196  faddsub_clz.o(x$fpl$fadd)
    _fadd1                                   0x080051eb   Thumb Code     0  faddsub_clz.o(x$fpl$fadd)
    x$fpl$fcmpinf                            0x080052a0   Section       24  fcmpi.o(x$fpl$fcmpinf)
    x$fpl$fdiv                               0x080052b8   Section      388  fdiv.o(x$fpl$fdiv)
    _fdiv1                                   0x080052b9   Thumb Code     0  fdiv.o(x$fpl$fdiv)
    x$fpl$ffix                               0x0800543c   Section       54  ffix.o(x$fpl$ffix)
    x$fpl$fflt                               0x08005474   Section       48  fflt_clz.o(x$fpl$fflt)
    x$fpl$ffltu                              0x080054a4   Section       38  fflt_clz.o(x$fpl$ffltu)
    x$fpl$fleqf                              0x080054cc   Section      104  fleqf.o(x$fpl$fleqf)
    x$fpl$fmul                               0x08005534   Section      258  fmul.o(x$fpl$fmul)
    x$fpl$fnaninf                            0x08005636   Section      140  fnaninf.o(x$fpl$fnaninf)
    x$fpl$fretinf                            0x080056c2   Section       10  fretinf.o(x$fpl$fretinf)
    x$fpl$frleqf                             0x080056cc   Section       98  frleqf.o(x$fpl$frleqf)
    x$fpl$fsub                               0x08005730   Section      234  faddsub_clz.o(x$fpl$fsub)
    _fsub1                                   0x0800573f   Thumb Code     0  faddsub_clz.o(x$fpl$fsub)
    x$fpl$ieeestatus                         0x0800581a   Section        6  istatus.o(x$fpl$ieeestatus)
    x$fpl$printf1                            0x08005820   Section        4  printf1.o(x$fpl$printf1)
    x$fpl$retnan                             0x08005824   Section      100  retnan.o(x$fpl$retnan)
    x$fpl$scalbn                             0x08005888   Section       92  scalbn.o(x$fpl$scalbn)
    x$fpl$scanf1                             0x080058e4   Section        4  scanf1.o(x$fpl$scanf1)
    x$fpl$scanf2                             0x080058e8   Section        8  scanf2.o(x$fpl$scanf2)
    x$fpl$trapveneer                         0x080058f0   Section       48  trapv.o(x$fpl$trapveneer)
    .constdata                               0x08005920   Section       18  stm32f1xx_hal_rcc.o(.constdata)
    x$fpl$usenofp                            0x08005920   Section        0  usenofp.o(x$fpl$usenofp)
    aPredivFactorTable                       0x08005920   Data           2  stm32f1xx_hal_rcc.o(.constdata)
    aPLLMULFactorTable                       0x08005922   Data          16  stm32f1xx_hal_rcc.o(.constdata)
    .constdata                               0x08005932   Section       16  system_stm32f1xx.o(.constdata)
    .constdata                               0x08005942   Section        8  system_stm32f1xx.o(.constdata)
    .constdata                               0x0800594c   Section      148  bigflt0.o(.constdata)
    tenpwrs_x                                0x0800594c   Data          60  bigflt0.o(.constdata)
    tenpwrs_i                                0x08005988   Data          64  bigflt0.o(.constdata)
    c$$dinf                                  0x08005a00   Section        8  fpconst.o(c$$dinf)
    c$$dmax                                  0x08005a08   Section        8  fpconst.o(c$$dmax)
    locale$$data                             0x08005a10   Section       28  lc_numeric_c.o(locale$$data)
    __lcnum_c_name                           0x08005a14   Data           2  lc_numeric_c.o(locale$$data)
    __lcnum_c_start                          0x08005a1c   Data           0  lc_numeric_c.o(locale$$data)
    __lcnum_c_point                          0x08005a28   Data           0  lc_numeric_c.o(locale$$data)
    __lcnum_c_thousands                      0x08005a2a   Data           0  lc_numeric_c.o(locale$$data)
    __lcnum_c_grouping                       0x08005a2b   Data           0  lc_numeric_c.o(locale$$data)
    locale$$data                             0x08005a2c   Section      272  lc_ctype_c.o(locale$$data)
    __lcnum_c_end                            0x08005a2c   Data           0  lc_numeric_c.o(locale$$data)
    __lcctype_c_name                         0x08005a30   Data           2  lc_ctype_c.o(locale$$data)
    __lcctype_c_start                        0x08005a38   Data           0  lc_ctype_c.o(locale$$data)
    __lcctype_c_end                          0x08005b3c   Data           0  lc_ctype_c.o(locale$$data)
    .data                                    0x20000000   Section        4  main.o(.data)
    .data                                    0x20000004   Section       12  stm32f1xx_hal.o(.data)
    .data                                    0x20000010   Section        4  system_stm32f1xx.o(.data)
    .bss                                     0x20000014   Section      680  main.o(.bss)
    .bss                                     0x200002bc   Section       68  main.o(.bss)
    .bss                                     0x20000300   Section       96  libspace.o(.bss)
    HEAP                                     0x20000360   Section      512  startup_stm32f103xe.o(HEAP)
    Heap_Mem                                 0x20000360   Data         512  startup_stm32f103xe.o(HEAP)
    STACK                                    0x20000560   Section     1024  startup_stm32f103xe.o(STACK)
    Stack_Mem                                0x20000560   Data        1024  startup_stm32f103xe.o(STACK)
    __initial_sp                             0x20000960   Data           0  startup_stm32f103xe.o(STACK)

    Global Symbols

    Symbol Name                              Value     Ov Type        Size  Object(Section)

    BuildAttributes$$THM_ISAv4$P$D$K$B$S$PE$A:L22UL41UL21$X:L11$S22US41US21$IEEE1$IW$USESV6$~STKCKD$USESV7$~SHL$OTIME$ROPI$IEEEX$EBA8$UX$STANDARDLIB$REQ8$PRES8$EABIv2 0x00000000   Number         0  anon$$obj.o ABSOLUTE
    __ARM_use_no_argv                        0x00000000   Number         0  main.o ABSOLUTE
    _printf_flags                            0x00000000   Number         0  printf_stubs.o ABSOLUTE
    _printf_return_value                     0x00000000   Number         0  printf_stubs.o ABSOLUTE
    _printf_sizespec                         0x00000000   Number         0  printf_stubs.o ABSOLUTE
    _printf_widthprec                        0x00000000   Number         0  printf_stubs.o ABSOLUTE
    __ARM_exceptions_init                     - Undefined Weak Reference
    __alloca_initialize                       - Undefined Weak Reference
    __arm_preinit_                            - Undefined Weak Reference
    __cpp_initialize__aeabi_                  - Undefined Weak Reference
    __cxa_finalize                            - Undefined Weak Reference
    __sigvec_lookup                           - Undefined Weak Reference
    _atexit_init                              - Undefined Weak Reference
    _call_atexit_fns                          - Undefined Weak Reference
    _clock_init                               - Undefined Weak Reference
    _fp_trap_init                             - Undefined Weak Reference
    _fp_trap_shutdown                         - Undefined Weak Reference
    _get_lc_collate                           - Undefined Weak Reference
    _get_lc_monetary                          - Undefined Weak Reference
    _get_lc_time                              - Undefined Weak Reference
    _getenv_init                              - Undefined Weak Reference
    _handle_redirection                       - Undefined Weak Reference
    _init_alloc                               - Undefined Weak Reference
    _init_user_alloc                          - Undefined Weak Reference
    _initio                                   - Undefined Weak Reference
    _printf_post_padding                      - Undefined Weak Reference
    _printf_pre_padding                       - Undefined Weak Reference
    _printf_truncate_signed                   - Undefined Weak Reference
    _printf_truncate_unsigned                 - Undefined Weak Reference
    _rand_init                                - Undefined Weak Reference
    _scanf_int                                - Undefined Weak Reference
    _scanf_longlong                           - Undefined Weak Reference
    _scanf_mbtowc                             - Undefined Weak Reference
    _scanf_string                             - Undefined Weak Reference
    _scanf_wctomb                             - Undefined Weak Reference
    _scanf_wstring                            - Undefined Weak Reference
    _signal_finish                            - Undefined Weak Reference
    _signal_init                              - Undefined Weak Reference
    _terminate_alloc                          - Undefined Weak Reference
    _terminate_user_alloc                     - Undefined Weak Reference
    _terminateio                              - Undefined Weak Reference
    __Vectors_Size                           0x00000130   Number         0  startup_stm32f103xe.o ABSOLUTE
    __Vectors                                0x08000000   Data           4  startup_stm32f103xe.o(RESET)
    __Vectors_End                            0x08000130   Data           0  startup_stm32f103xe.o(RESET)
    __main                                   0x08000131   Thumb Code     8  __main.o(!!!main)
    __scatterload                            0x08000139   Thumb Code     0  __scatter.o(!!!scatter)
    __scatterload_rt2                        0x08000139   Thumb Code    44  __scatter.o(!!!scatter)
    __scatterload_rt2_thumb_only             0x08000139   Thumb Code     0  __scatter.o(!!!scatter)
    __scatterload_null                       0x08000147   Thumb Code     0  __scatter.o(!!!scatter)
    __scatterload_copy                       0x0800016d   Thumb Code    26  __scatter_copy.o(!!handler_copy)
    __scatterload_zeroinit                   0x08000189   Thumb Code    28  __scatter_zi.o(!!handler_zi)
    _printf_f                                0x080001a5   Thumb Code     0  _printf_f.o(.ARM.Collect$$_printf_percent$$00000003)
    _printf_percent                          0x080001a5   Thumb Code     0  _printf_percent.o(.ARM.Collect$$_printf_percent$$00000000)
    _printf_d                                0x080001ab   Thumb Code     0  _printf_d.o(.ARM.Collect$$_printf_percent$$00000009)
    _printf_percent_end                      0x080001b1   Thumb Code     0  _printf_percent_end.o(.ARM.Collect$$_printf_percent$$00000017)
    __rt_lib_init                            0x080001b5   Thumb Code     0  libinit.o(.ARM.Collect$$libinit$$00000000)
    __rt_lib_init_fp_1                       0x080001b7   Thumb Code     0  libinit2.o(.ARM.Collect$$libinit$$00000002)
    __rt_lib_init_heap_1                     0x080001b7   Thumb Code     0  libinit2.o(.ARM.Collect$$libinit$$0000000A)
    __rt_lib_init_lc_common                  0x080001b7   Thumb Code     0  libinit2.o(.ARM.Collect$$libinit$$0000000F)
    __rt_lib_init_preinit_1                  0x080001b7   Thumb Code     0  libinit2.o(.ARM.Collect$$libinit$$00000004)
    __rt_lib_init_rand_1                     0x080001b7   Thumb Code     0  libinit2.o(.ARM.Collect$$libinit$$0000000E)
    __rt_lib_init_user_alloc_1               0x080001b7   Thumb Code     0  libinit2.o(.ARM.Collect$$libinit$$0000000C)
    __rt_lib_init_lc_collate_1               0x080001bd   Thumb Code     0  libinit2.o(.ARM.Collect$$libinit$$00000011)
    __rt_lib_init_lc_ctype_2                 0x080001bd   Thumb Code     0  libinit2.o(.ARM.Collect$$libinit$$00000012)
    __rt_lib_init_lc_ctype_1                 0x080001c9   Thumb Code     0  libinit2.o(.ARM.Collect$$libinit$$00000013)
    __rt_lib_init_lc_monetary_1              0x080001c9   Thumb Code     0  libinit2.o(.ARM.Collect$$libinit$$00000015)
    __rt_lib_init_lc_numeric_2               0x080001c9   Thumb Code     0  libinit2.o(.ARM.Collect$$libinit$$00000016)
    __rt_lib_init_alloca_1                   0x080001d3   Thumb Code     0  libinit2.o(.ARM.Collect$$libinit$$0000002E)
    __rt_lib_init_argv_1                     0x080001d3   Thumb Code     0  libinit2.o(.ARM.Collect$$libinit$$0000002C)
    __rt_lib_init_atexit_1                   0x080001d3   Thumb Code     0  libinit2.o(.ARM.Collect$$libinit$$0000001B)
    __rt_lib_init_clock_1                    0x080001d3   Thumb Code     0  libinit2.o(.ARM.Collect$$libinit$$00000021)
    __rt_lib_init_cpp_1                      0x080001d3   Thumb Code     0  libinit2.o(.ARM.Collect$$libinit$$00000032)
    __rt_lib_init_exceptions_1               0x080001d3   Thumb Code     0  libinit2.o(.ARM.Collect$$libinit$$00000030)
    __rt_lib_init_fp_trap_1                  0x080001d3   Thumb Code     0  libinit2.o(.ARM.Collect$$libinit$$0000001F)
    __rt_lib_init_getenv_1                   0x080001d3   Thumb Code     0  libinit2.o(.ARM.Collect$$libinit$$00000023)
    __rt_lib_init_lc_numeric_1               0x080001d3   Thumb Code     0  libinit2.o(.ARM.Collect$$libinit$$00000017)
    __rt_lib_init_lc_time_1                  0x080001d3   Thumb Code     0  libinit2.o(.ARM.Collect$$libinit$$00000019)
    __rt_lib_init_return                     0x080001d3   Thumb Code     0  libinit2.o(.ARM.Collect$$libinit$$00000033)
    __rt_lib_init_signal_1                   0x080001d3   Thumb Code     0  libinit2.o(.ARM.Collect$$libinit$$0000001D)
    __rt_lib_init_stdio_1                    0x080001d3   Thumb Code     0  libinit2.o(.ARM.Collect$$libinit$$00000025)
    __rt_lib_shutdown                        0x080001d5   Thumb Code     0  libshutdown.o(.ARM.Collect$$libshutdown$$00000000)
    __rt_lib_shutdown_cpp_1                  0x080001d7   Thumb Code     0  libshutdown2.o(.ARM.Collect$$libshutdown$$00000002)
    __rt_lib_shutdown_fp_trap_1              0x080001d7   Thumb Code     0  libshutdown2.o(.ARM.Collect$$libshutdown$$00000007)
    __rt_lib_shutdown_heap_1                 0x080001d7   Thumb Code     0  libshutdown2.o(.ARM.Collect$$libshutdown$$0000000F)
    __rt_lib_shutdown_return                 0x080001d7   Thumb Code     0  libshutdown2.o(.ARM.Collect$$libshutdown$$00000010)
    __rt_lib_shutdown_signal_1               0x080001d7   Thumb Code     0  libshutdown2.o(.ARM.Collect$$libshutdown$$0000000A)
    __rt_lib_shutdown_stdio_1                0x080001d7   Thumb Code     0  libshutdown2.o(.ARM.Collect$$libshutdown$$00000004)
    __rt_lib_shutdown_user_alloc_1           0x080001d7   Thumb Code     0  libshutdown2.o(.ARM.Collect$$libshutdown$$0000000C)
    __rt_entry                               0x080001d9   Thumb Code     0  __rtentry.o(.ARM.Collect$$rtentry$$00000000)
    __rt_entry_presh_1                       0x080001d9   Thumb Code     0  __rtentry2.o(.ARM.Collect$$rtentry$$00000002)
    __rt_entry_sh                            0x080001d9   Thumb Code     0  __rtentry4.o(.ARM.Collect$$rtentry$$00000004)
    __rt_entry_li                            0x080001df   Thumb Code     0  __rtentry2.o(.ARM.Collect$$rtentry$$0000000A)
    __rt_entry_postsh_1                      0x080001df   Thumb Code     0  __rtentry2.o(.ARM.Collect$$rtentry$$00000009)
    __rt_entry_main                          0x080001e3   Thumb Code     0  __rtentry2.o(.ARM.Collect$$rtentry$$0000000D)
    __rt_entry_postli_1                      0x080001e3   Thumb Code     0  __rtentry2.o(.ARM.Collect$$rtentry$$0000000C)
    __rt_exit                                0x080001eb   Thumb Code     0  rtexit.o(.ARM.Collect$$rtexit$$00000000)
    __rt_exit_ls                             0x080001ed   Thumb Code     0  rtexit2.o(.ARM.Collect$$rtexit$$00000003)
    __rt_exit_prels_1                        0x080001ed   Thumb Code     0  rtexit2.o(.ARM.Collect$$rtexit$$00000002)
    __rt_exit_exit                           0x080001f1   Thumb Code     0  rtexit2.o(.ARM.Collect$$rtexit$$00000004)
    Reset_Handler                            0x080001f9   Thumb Code     8  startup_stm32f103xe.o(.text)
    ADC1_2_IRQHandler                        0x08000213   Thumb Code     0  startup_stm32f103xe.o(.text)
    ADC3_IRQHandler                          0x08000213   Thumb Code     0  startup_stm32f103xe.o(.text)
    CAN1_RX1_IRQHandler                      0x08000213   Thumb Code     0  startup_stm32f103xe.o(.text)
    CAN1_SCE_IRQHandler                      0x08000213   Thumb Code     0  startup_stm32f103xe.o(.text)
    DMA1_Channel1_IRQHandler                 0x08000213   Thumb Code     0  startup_stm32f103xe.o(.text)
    DMA1_Channel2_IRQHandler                 0x08000213   Thumb Code     0  startup_stm32f103xe.o(.text)
    DMA1_Channel3_IRQHandler                 0x08000213   Thumb Code     0  startup_stm32f103xe.o(.text)
    DMA1_Channel6_IRQHandler                 0x08000213   Thumb Code     0  startup_stm32f103xe.o(.text)
    DMA1_Channel7_IRQHandler                 0x08000213   Thumb Code     0  startup_stm32f103xe.o(.text)
    DMA2_Channel1_IRQHandler                 0x08000213   Thumb Code     0  startup_stm32f103xe.o(.text)
    DMA2_Channel2_IRQHandler                 0x08000213   Thumb Code     0  startup_stm32f103xe.o(.text)
    DMA2_Channel3_IRQHandler                 0x08000213   Thumb Code     0  startup_stm32f103xe.o(.text)
    DMA2_Channel4_5_IRQHandler               0x08000213   Thumb Code     0  startup_stm32f103xe.o(.text)
    EXTI0_IRQHandler                         0x08000213   Thumb Code     0  startup_stm32f103xe.o(.text)
    EXTI15_10_IRQHandler                     0x08000213   Thumb Code     0  startup_stm32f103xe.o(.text)
    EXTI1_IRQHandler                         0x08000213   Thumb Code     0  startup_stm32f103xe.o(.text)
    EXTI2_IRQHandler                         0x08000213   Thumb Code     0  startup_stm32f103xe.o(.text)
    EXTI3_IRQHandler                         0x08000213   Thumb Code     0  startup_stm32f103xe.o(.text)
    EXTI4_IRQHandler                         0x08000213   Thumb Code     0  startup_stm32f103xe.o(.text)
    EXTI9_5_IRQHandler                       0x08000213   Thumb Code     0  startup_stm32f103xe.o(.text)
    FLASH_IRQHandler                         0x08000213   Thumb Code     0  startup_stm32f103xe.o(.text)
    FSMC_IRQHandler                          0x08000213   Thumb Code     0  startup_stm32f103xe.o(.text)
    I2C1_ER_IRQHandler                       0x08000213   Thumb Code     0  startup_stm32f103xe.o(.text)
    I2C1_EV_IRQHandler                       0x08000213   Thumb Code     0  startup_stm32f103xe.o(.text)
    I2C2_ER_IRQHandler                       0x08000213   Thumb Code     0  startup_stm32f103xe.o(.text)
    I2C2_EV_IRQHandler                       0x08000213   Thumb Code     0  startup_stm32f103xe.o(.text)
    PVD_IRQHandler                           0x08000213   Thumb Code     0  startup_stm32f103xe.o(.text)
    RCC_IRQHandler                           0x08000213   Thumb Code     0  startup_stm32f103xe.o(.text)
    RTC_Alarm_IRQHandler                     0x08000213   Thumb Code     0  startup_stm32f103xe.o(.text)
    RTC_IRQHandler                           0x08000213   Thumb Code     0  startup_stm32f103xe.o(.text)
    SDIO_IRQHandler                          0x08000213   Thumb Code     0  startup_stm32f103xe.o(.text)
    SPI1_IRQHandler                          0x08000213   Thumb Code     0  startup_stm32f103xe.o(.text)
    SPI2_IRQHandler                          0x08000213   Thumb Code     0  startup_stm32f103xe.o(.text)
    SPI3_IRQHandler                          0x08000213   Thumb Code     0  startup_stm32f103xe.o(.text)
    TAMPER_IRQHandler                        0x08000213   Thumb Code     0  startup_stm32f103xe.o(.text)
    TIM1_BRK_IRQHandler                      0x08000213   Thumb Code     0  startup_stm32f103xe.o(.text)
    TIM1_CC_IRQHandler                       0x08000213   Thumb Code     0  startup_stm32f103xe.o(.text)
    TIM1_TRG_COM_IRQHandler                  0x08000213   Thumb Code     0  startup_stm32f103xe.o(.text)
    TIM1_UP_IRQHandler                       0x08000213   Thumb Code     0  startup_stm32f103xe.o(.text)
    TIM2_IRQHandler                          0x08000213   Thumb Code     0  startup_stm32f103xe.o(.text)
    TIM3_IRQHandler                          0x08000213   Thumb Code     0  startup_stm32f103xe.o(.text)
    TIM5_IRQHandler                          0x08000213   Thumb Code     0  startup_stm32f103xe.o(.text)
    TIM6_IRQHandler                          0x08000213   Thumb Code     0  startup_stm32f103xe.o(.text)
    TIM7_IRQHandler                          0x08000213   Thumb Code     0  startup_stm32f103xe.o(.text)
    TIM8_BRK_IRQHandler                      0x08000213   Thumb Code     0  startup_stm32f103xe.o(.text)
    TIM8_CC_IRQHandler                       0x08000213   Thumb Code     0  startup_stm32f103xe.o(.text)
    TIM8_TRG_COM_IRQHandler                  0x08000213   Thumb Code     0  startup_stm32f103xe.o(.text)
    TIM8_UP_IRQHandler                       0x08000213   Thumb Code     0  startup_stm32f103xe.o(.text)
    UART4_IRQHandler                         0x08000213   Thumb Code     0  startup_stm32f103xe.o(.text)
    UART5_IRQHandler                         0x08000213   Thumb Code     0  startup_stm32f103xe.o(.text)
    USART2_IRQHandler                        0x08000213   Thumb Code     0  startup_stm32f103xe.o(.text)
    USART3_IRQHandler                        0x08000213   Thumb Code     0  startup_stm32f103xe.o(.text)
    USBWakeUp_IRQHandler                     0x08000213   Thumb Code     0  startup_stm32f103xe.o(.text)
    USB_HP_CAN1_TX_IRQHandler                0x08000213   Thumb Code     0  startup_stm32f103xe.o(.text)
    USB_LP_CAN1_RX0_IRQHandler               0x08000213   Thumb Code     0  startup_stm32f103xe.o(.text)
    WWDG_IRQHandler                          0x08000213   Thumb Code     0  startup_stm32f103xe.o(.text)
    __user_initial_stackheap                 0x08000215   Thumb Code     0  startup_stm32f103xe.o(.text)
    __2sprintf                               0x08000239   Thumb Code    34  noretval__2sprintf.o(.text)
    _printf_int_dec                          0x08000261   Thumb Code   104  _printf_dec.o(.text)
    __printf                                 0x080002d9   Thumb Code   270  __printf_wp.o(.text)
    __0sscanf                                0x080003e9   Thumb Code    52  __0sscanf.o(.text)
    strlen                                   0x08000425   Thumb Code    62  strlen.o(.text)
    __aeabi_memclr4                          0x08000463   Thumb Code     0  rt_memclr_w.o(.text)
    __aeabi_memclr8                          0x08000463   Thumb Code     0  rt_memclr_w.o(.text)
    __rt_memclr_w                            0x08000463   Thumb Code    78  rt_memclr_w.o(.text)
    _memset_w                                0x08000467   Thumb Code     0  rt_memclr_w.o(.text)
    __use_two_region_memory                  0x080004b1   Thumb Code     2  heapauxi.o(.text)
    __rt_heap_escrow$2region                 0x080004b3   Thumb Code     2  heapauxi.o(.text)
    __rt_heap_expand$2region                 0x080004b5   Thumb Code     2  heapauxi.o(.text)
    _printf_int_common                       0x080004b7   Thumb Code   178  _printf_intcommon.o(.text)
    __lib_sel_fp_printf                      0x08000569   Thumb Code     2  _printf_fp_dec.o(.text)
    _printf_fp_dec_real                      0x0800071b   Thumb Code   620  _printf_fp_dec.o(.text)
    _printf_char_common                      0x08000993   Thumb Code    32  _printf_char_common.o(.text)
    _sputc                                   0x080009b9   Thumb Code    10  _sputc.o(.text)
    _scanf_really_real                       0x08000c11   Thumb Code   684  scanf_fp.o(.text)
    __vfscanf_char                           0x08000ec9   Thumb Code    24  scanf_char.o(.text)
    _sgetc                                   0x08000ee9   Thumb Code    30  _sgetc.o(.text)
    _sbackspace                              0x08000f07   Thumb Code    34  _sgetc.o(.text)
    __rt_locale                              0x08000f29   Thumb Code     8  rt_locale_intlibspace.o(.text)
    __aeabi_errno_addr                       0x08000f31   Thumb Code     8  rt_errno_addr_intlibspace.o(.text)
    __errno$intlibspace                      0x08000f31   Thumb Code     0  rt_errno_addr_intlibspace.o(.text)
    __rt_errno_addr$intlibspace              0x08000f31   Thumb Code     0  rt_errno_addr_intlibspace.o(.text)
    _ll_udiv10                               0x08000f39   Thumb Code   138  lludiv10.o(.text)
    isspace                                  0x08000fc3   Thumb Code    18  isspace.o(.text)
    _printf_fp_infnan                        0x08000fd5   Thumb Code   112  _printf_fp_infnan.o(.text)
    __vfscanf                                0x08001055   Thumb Code   878  _scanf.o(.text)
    _btod_etento                             0x080013c9   Thumb Code   224  bigflt0.o(.text)
    __user_libspace                          0x080014ad   Thumb Code     8  libspace.o(.text)
    __user_perproc_libspace                  0x080014ad   Thumb Code     0  libspace.o(.text)
    __user_perthread_libspace                0x080014ad   Thumb Code     0  libspace.o(.text)
    __user_setup_stackheap                   0x080014b5   Thumb Code    74  sys_stackheap_outer.o(.text)
    __rt_ctype_table                         0x08001501   Thumb Code    16  rt_ctype_table.o(.text)
    __read_errno                             0x08001511   Thumb Code    10  _rserrno.o(.text)
    __set_errno                              0x0800151b   Thumb Code    12  _rserrno.o(.text)
    _scanf_really_hex_real                   0x08001529   Thumb Code   786  scanf_hexfp.o(.text)
    _scanf_really_infnan                     0x08001849   Thumb Code   292  scanf_infnan.o(.text)
    exit                                     0x0800197d   Thumb Code    18  exit.o(.text)
    strcmp                                   0x08001991   Thumb Code   128  strcmpv7m.o(.text)
    __aeabi_llsl                             0x08001a11   Thumb Code     0  llshl.o(.text)
    _ll_shift_l                              0x08001a11   Thumb Code    38  llshl.o(.text)
    _chval                                   0x08001a37   Thumb Code    28  _chval.o(.text)
    _sys_exit                                0x08001a55   Thumb Code     8  sys_exit.o(.text)
    __I$use$semihosting                      0x08001a61   Thumb Code     0  use_no_semi.o(.text)
    __use_no_semihosting_swi                 0x08001a61   Thumb Code     2  use_no_semi.o(.text)
    __semihosting_library_function           0x08001a63   Thumb Code     0  indicate_semi.o(.text)
    _btod_d2e                                0x08001a63   Thumb Code    62  btod.o(CL$$btod_d2e)
    _d2e_denorm_low                          0x08001aa1   Thumb Code    70  btod.o(CL$$btod_d2e_denorm_low)
    _d2e_norm_op1                            0x08001ae7   Thumb Code    96  btod.o(CL$$btod_d2e_norm_op1)
    __btod_div_common                        0x08001b47   Thumb Code   696  btod.o(CL$$btod_div_common)
    _e2d                                     0x08001e81   Thumb Code   122  btod.o(CL$$btod_e2d)
    _e2e                                     0x08001f05   Thumb Code   220  btod.o(CL$$btod_e2e)
    _btod_ediv                               0x08001fe1   Thumb Code    42  btod.o(CL$$btod_ediv)
    _btod_edivd                              0x0800200b   Thumb Code    42  btod.o(CL$$btod_edivd)
    _btod_emul                               0x08002035   Thumb Code    42  btod.o(CL$$btod_emul)
    _btod_emuld                              0x0800205f   Thumb Code    42  btod.o(CL$$btod_emuld)
    __btod_mult_common                       0x08002089   Thumb Code   580  btod.o(CL$$btod_mult_common)
    BusFault_Handler                         0x080022cd   Thumb Code     2  stm32f1xx_it.o(i.BusFault_Handler)
    DMA1_Channel4_IRQHandler                 0x080022d1   Thumb Code     6  stm32f1xx_it.o(i.DMA1_Channel4_IRQHandler)
    DMA1_Channel5_IRQHandler                 0x080022dd   Thumb Code     6  stm32f1xx_it.o(i.DMA1_Channel5_IRQHandler)
    DebugMon_Handler                         0x08002313   Thumb Code     2  stm32f1xx_it.o(i.DebugMon_Handler)
    Error_Handler                            0x08002315   Thumb Code     4  main.o(i.Error_Handler)
    HAL_DMA_Abort                            0x08002319   Thumb Code    70  stm32f1xx_hal_dma.o(i.HAL_DMA_Abort)
    HAL_DMA_Abort_IT                         0x08002361   Thumb Code   296  stm32f1xx_hal_dma.o(i.HAL_DMA_Abort_IT)
    HAL_DMA_IRQHandler                       0x08002491   Thumb Code   552  stm32f1xx_hal_dma.o(i.HAL_DMA_IRQHandler)
    HAL_DMA_Init                             0x080026d9   Thumb Code   112  stm32f1xx_hal_dma.o(i.HAL_DMA_Init)
    HAL_DMA_Start_IT                         0x08002755   Thumb Code   112  stm32f1xx_hal_dma.o(i.HAL_DMA_Start_IT)
    HAL_GPIO_Init                            0x080027c5   Thumb Code   462  stm32f1xx_hal_gpio.o(i.HAL_GPIO_Init)
    HAL_GPIO_WritePin                        0x080029bd   Thumb Code    10  stm32f1xx_hal_gpio.o(i.HAL_GPIO_WritePin)
    HAL_GetTick                              0x080029c9   Thumb Code     6  stm32f1xx_hal.o(i.HAL_GetTick)
    HAL_IncTick                              0x080029d5   Thumb Code    12  stm32f1xx_hal.o(i.HAL_IncTick)
    HAL_Init                                 0x080029e5   Thumb Code    32  stm32f1xx_hal.o(i.HAL_Init)
    HAL_InitTick                             0x08002a09   Thumb Code    54  stm32f1xx_hal.o(i.HAL_InitTick)
    HAL_MspInit                              0x08002a49   Thumb Code    52  stm32f1xx_hal_msp.o(i.HAL_MspInit)
    HAL_NVIC_EnableIRQ                       0x08002a85   Thumb Code    26  stm32f1xx_hal_cortex.o(i.HAL_NVIC_EnableIRQ)
    HAL_NVIC_SetPriority                     0x08002aa1   Thumb Code    60  stm32f1xx_hal_cortex.o(i.HAL_NVIC_SetPriority)
    HAL_NVIC_SetPriorityGrouping             0x08002ae1   Thumb Code    26  stm32f1xx_hal_cortex.o(i.HAL_NVIC_SetPriorityGrouping)
    HAL_RCC_ClockConfig                      0x08002b05   Thumb Code   280  stm32f1xx_hal_rcc.o(i.HAL_RCC_ClockConfig)
    HAL_RCC_GetPCLK1Freq                     0x08002c31   Thumb Code    20  stm32f1xx_hal_rcc.o(i.HAL_RCC_GetPCLK1Freq)
    HAL_RCC_GetPCLK2Freq                     0x08002c51   Thumb Code    20  stm32f1xx_hal_rcc.o(i.HAL_RCC_GetPCLK2Freq)
    HAL_RCC_GetSysClockFreq                  0x08002c71   Thumb Code    58  stm32f1xx_hal_rcc.o(i.HAL_RCC_GetSysClockFreq)
    HAL_RCC_OscConfig                        0x08002cbd   Thumb Code   778  stm32f1xx_hal_rcc.o(i.HAL_RCC_OscConfig)
    HAL_SYSTICK_Config                       0x08002fdd   Thumb Code    40  stm32f1xx_hal_cortex.o(i.HAL_SYSTICK_Config)
    HAL_TIMEx_BreakCallback                  0x08003005   Thumb Code     2  stm32f1xx_hal_tim_ex.o(i.HAL_TIMEx_BreakCallback)
    HAL_TIMEx_CommutCallback                 0x08003007   Thumb Code     2  stm32f1xx_hal_tim_ex.o(i.HAL_TIMEx_CommutCallback)
    HAL_TIMEx_MasterConfigSynchronization    0x08003009   Thumb Code   104  stm32f1xx_hal_tim_ex.o(i.HAL_TIMEx_MasterConfigSynchronization)
    HAL_TIM_Base_Init                        0x08003085   Thumb Code    90  stm32f1xx_hal_tim.o(i.HAL_TIM_Base_Init)
    HAL_TIM_Base_MspInit                     0x080030e1   Thumb Code    72  stm32f1xx_hal_msp.o(i.HAL_TIM_Base_MspInit)
    HAL_TIM_Base_Start_IT                    0x08003135   Thumb Code    88  stm32f1xx_hal_tim.o(i.HAL_TIM_Base_Start_IT)
    HAL_TIM_ConfigClockSource                0x080031a1   Thumb Code   220  stm32f1xx_hal_tim.o(i.HAL_TIM_ConfigClockSource)
    HAL_TIM_Encoder_Init                     0x0800327d   Thumb Code   164  stm32f1xx_hal_tim.o(i.HAL_TIM_Encoder_Init)
    HAL_TIM_Encoder_MspInit                  0x08003321   Thumb Code    72  stm32f1xx_hal_msp.o(i.HAL_TIM_Encoder_MspInit)
    HAL_TIM_Encoder_Start                    0x08003371   Thumb Code   142  stm32f1xx_hal_tim.o(i.HAL_TIM_Encoder_Start)
    HAL_TIM_IC_CaptureCallback               0x080033ff   Thumb Code     2  stm32f1xx_hal_tim.o(i.HAL_TIM_IC_CaptureCallback)
    HAL_TIM_IRQHandler                       0x08003401   Thumb Code   304  stm32f1xx_hal_tim.o(i.HAL_TIM_IRQHandler)
    HAL_TIM_MspPostInit                      0x08003531   Thumb Code    62  stm32f1xx_hal_msp.o(i.HAL_TIM_MspPostInit)
    HAL_TIM_OC_DelayElapsedCallback          0x0800357d   Thumb Code     2  stm32f1xx_hal_tim.o(i.HAL_TIM_OC_DelayElapsedCallback)
    HAL_TIM_PWM_ConfigChannel                0x0800357f   Thumb Code   204  stm32f1xx_hal_tim.o(i.HAL_TIM_PWM_ConfigChannel)
    HAL_TIM_PWM_Init                         0x0800364b   Thumb Code    90  stm32f1xx_hal_tim.o(i.HAL_TIM_PWM_Init)
    HAL_TIM_PWM_MspInit                      0x080036a5   Thumb Code     2  stm32f1xx_hal_tim.o(i.HAL_TIM_PWM_MspInit)
    HAL_TIM_PWM_PulseFinishedCallback        0x080036a7   Thumb Code     2  stm32f1xx_hal_tim.o(i.HAL_TIM_PWM_PulseFinishedCallback)
    HAL_TIM_PWM_Start                        0x080036a9   Thumb Code   160  stm32f1xx_hal_tim.o(i.HAL_TIM_PWM_Start)
    HAL_TIM_PWM_Stop                         0x0800375d   Thumb Code   114  stm32f1xx_hal_tim.o(i.HAL_TIM_PWM_Stop)
    HAL_TIM_PeriodElapsedCallback            0x080037d9   Thumb Code    34  main.o(i.HAL_TIM_PeriodElapsedCallback)
    HAL_TIM_TriggerCallback                  0x08003805   Thumb Code     2  stm32f1xx_hal_tim.o(i.HAL_TIM_TriggerCallback)
    HAL_UARTEx_ReceiveToIdle_DMA             0x08003807   Thumb Code    74  stm32f1xx_hal_uart.o(i.HAL_UARTEx_ReceiveToIdle_DMA)
    HAL_UARTEx_RxEventCallback               0x08003851   Thumb Code   268  main.o(i.HAL_UARTEx_RxEventCallback)
    HAL_UART_ErrorCallback                   0x08003a0d   Thumb Code     2  stm32f1xx_hal_uart.o(i.HAL_UART_ErrorCallback)
    HAL_UART_IRQHandler                      0x08003a11   Thumb Code   616  stm32f1xx_hal_uart.o(i.HAL_UART_IRQHandler)
    HAL_UART_Init                            0x08003c7d   Thumb Code   100  stm32f1xx_hal_uart.o(i.HAL_UART_Init)
    HAL_UART_MspInit                         0x08003ce1   Thumb Code   194  stm32f1xx_hal_msp.o(i.HAL_UART_MspInit)
    HAL_UART_RxCpltCallback                  0x08003dbd   Thumb Code     2  stm32f1xx_hal_uart.o(i.HAL_UART_RxCpltCallback)
    HAL_UART_RxHalfCpltCallback              0x08003dbf   Thumb Code     2  stm32f1xx_hal_uart.o(i.HAL_UART_RxHalfCpltCallback)
    HAL_UART_Transmit_DMA                    0x08003dc1   Thumb Code   106  stm32f1xx_hal_uart.o(i.HAL_UART_Transmit_DMA)
    HAL_UART_TxCpltCallback                  0x08003e39   Thumb Code     2  stm32f1xx_hal_uart.o(i.HAL_UART_TxCpltCallback)
    HAL_UART_TxHalfCpltCallback              0x08003e3b   Thumb Code     2  stm32f1xx_hal_uart.o(i.HAL_UART_TxHalfCpltCallback)
    HardFault_Handler                        0x08003e3d   Thumb Code     2  stm32f1xx_it.o(i.HardFault_Handler)
    MemManage_Handler                        0x08003fb1   Thumb Code     2  stm32f1xx_it.o(i.MemManage_Handler)
    NMI_Handler                              0x08003fb3   Thumb Code     2  stm32f1xx_it.o(i.NMI_Handler)
    PID_Motor_Control                        0x08003fb5   Thumb Code   262  motor.o(i.PID_Motor_Control)
    PID_Motor_Get_Infos                      0x080040cd   Thumb Code   122  motor.o(i.PID_Motor_Get_Infos)
    PID_Motor_Init                           0x08004151   Thumb Code   164  motor.o(i.PID_Motor_Init)
    PID_Motor_Pos_Control                    0x080041f5   Thumb Code   140  motor.o(i.PID_Motor_Pos_Control)
    PID_Motor_Run                            0x08004281   Thumb Code   212  motor.o(i.PID_Motor_Run)
    PID_Motor_Set_Pos                        0x08004359   Thumb Code     4  motor.o(i.PID_Motor_Set_Pos)
    PID_Motor_Set_Target                     0x0800435d   Thumb Code    44  motor.o(i.PID_Motor_Set_Target)
    PendSV_Handler                           0x08004389   Thumb Code     2  stm32f1xx_it.o(i.PendSV_Handler)
    SVC_Handler                              0x0800438b   Thumb Code     2  stm32f1xx_it.o(i.SVC_Handler)
    SysTick_Handler                          0x0800438d   Thumb Code     4  stm32f1xx_it.o(i.SysTick_Handler)
    SystemClock_Config                       0x08004391   Thumb Code    94  main.o(i.SystemClock_Config)
    SystemInit                               0x080043ef   Thumb Code     2  system_stm32f1xx.o(i.SystemInit)
    TIM4_IRQHandler                          0x080043f1   Thumb Code     6  stm32f1xx_it.o(i.TIM4_IRQHandler)
    TIM_Base_SetConfig                       0x080043fd   Thumb Code   134  stm32f1xx_hal_tim.o(i.TIM_Base_SetConfig)
    TIM_CCxChannelCmd                        0x08004499   Thumb Code    26  stm32f1xx_hal_tim.o(i.TIM_CCxChannelCmd)
    TIM_ETR_SetConfig                        0x080044b3   Thumb Code    20  stm32f1xx_hal_tim.o(i.TIM_ETR_SetConfig)
    TIM_OC2_SetConfig                        0x08004539   Thumb Code    98  stm32f1xx_hal_tim.o(i.TIM_OC2_SetConfig)
    UART_Start_Receive_DMA                   0x080049d1   Thumb Code   130  stm32f1xx_hal_uart.o(i.UART_Start_Receive_DMA)
    USART1_IRQHandler                        0x08004a61   Thumb Code     6  stm32f1xx_it.o(i.USART1_IRQHandler)
    UsageFault_Handler                       0x08004a6d   Thumb Code     2  stm32f1xx_it.o(i.UsageFault_Handler)
    __ARM_fpclassify                         0x08004a6f   Thumb Code    40  fpclassify.o(i.__ARM_fpclassify)
    __mathlib_dbl_overflow                   0x08004ab7   Thumb Code    14  dunder.o(i.__mathlib_dbl_overflow)
    __mathlib_dbl_underflow                  0x08004ac5   Thumb Code    10  dunder.o(i.__mathlib_dbl_underflow)
    __mathlib_narrow                         0x08004ad5   Thumb Code    16  narrow.o(i.__mathlib_narrow)
    __mathlib_tofloat                        0x08004ae5   Thumb Code   184  narrow.o(i.__mathlib_tofloat)
    __support_ldexp                          0x08004ba1   Thumb Code    22  ldexp.o(i.__support_ldexp)
    _is_digit                                0x08004bb7   Thumb Code    14  __printf_wp.o(i._is_digit)
    frexp                                    0x08004bc5   Thumb Code    80  frexp.o(i.frexp)
    ldexp                                    0x08004c1d   Thumb Code   116  ldexp.o(i.ldexp)
    main                                     0x08004c91   Thumb Code   426  main.o(i.main)
    _get_lc_numeric                          0x08004e9d   Thumb Code    44  lc_numeric_c.o(locale$$code)
    _get_lc_ctype                            0x08004ec9   Thumb Code    44  lc_ctype_c.o(locale$$code)
    __aeabi_d2f                              0x08004ef5   Thumb Code     0  d2f.o(x$fpl$d2f)
    _d2f                                     0x08004ef5   Thumb Code    98  d2f.o(x$fpl$d2f)
    __fpl_dcheck_NaN1                        0x08004f59   Thumb Code    10  dcheck1.o(x$fpl$dcheck1)
    __fpl_dcmp_Inf                           0x08004f69   Thumb Code    24  dcmpi.o(x$fpl$dcmpinf)
    __aeabi_cdcmpeq                          0x08004f81   Thumb Code     0  deqf.o(x$fpl$deqf)
    _dcmpeq                                  0x08004f81   Thumb Code   120  deqf.o(x$fpl$deqf)
    __aeabi_cdcmple                          0x08004ff9   Thumb Code     0  dleqf.o(x$fpl$dleqf)
    _dcmple                                  0x08004ff9   Thumb Code   120  dleqf.o(x$fpl$dleqf)
    __fpl_dcmple_InfNaN                      0x0800505b   Thumb Code     0  dleqf.o(x$fpl$dleqf)
    __fpl_dnaninf                            0x08005071   Thumb Code   156  dnaninf.o(x$fpl$dnaninf)
    __fpl_dretinf                            0x0800510d   Thumb Code    12  dretinf.o(x$fpl$dretinf)
    __aeabi_cdrcmple                         0x08005119   Thumb Code     0  drleqf.o(x$fpl$drleqf)
    _drcmple                                 0x08005119   Thumb Code   108  drleqf.o(x$fpl$drleqf)
    __aeabi_f2d                              0x08005185   Thumb Code     0  f2d.o(x$fpl$f2d)
    _f2d                                     0x08005185   Thumb Code    86  f2d.o(x$fpl$f2d)
    __aeabi_fadd                             0x080051dd   Thumb Code     0  faddsub_clz.o(x$fpl$fadd)
    _fadd                                    0x080051dd   Thumb Code   196  faddsub_clz.o(x$fpl$fadd)
    __fpl_fcmp_Inf                           0x080052a1   Thumb Code    24  fcmpi.o(x$fpl$fcmpinf)
    __aeabi_fdiv                             0x080052b9   Thumb Code     0  fdiv.o(x$fpl$fdiv)
    _fdiv                                    0x080052b9   Thumb Code   384  fdiv.o(x$fpl$fdiv)
    __aeabi_f2iz                             0x0800543d   Thumb Code     0  ffix.o(x$fpl$ffix)
    _ffix                                    0x0800543d   Thumb Code    54  ffix.o(x$fpl$ffix)
    __aeabi_i2f                              0x08005475   Thumb Code     0  fflt_clz.o(x$fpl$fflt)
    _fflt                                    0x08005475   Thumb Code    48  fflt_clz.o(x$fpl$fflt)
    __aeabi_ui2f                             0x080054a5   Thumb Code     0  fflt_clz.o(x$fpl$ffltu)
    _ffltu                                   0x080054a5   Thumb Code    38  fflt_clz.o(x$fpl$ffltu)
    __aeabi_cfcmple                          0x080054cd   Thumb Code     0  fleqf.o(x$fpl$fleqf)
    _fcmple                                  0x080054cd   Thumb Code   104  fleqf.o(x$fpl$fleqf)
    __fpl_fcmple_InfNaN                      0x0800551f   Thumb Code     0  fleqf.o(x$fpl$fleqf)
    __aeabi_fmul                             0x08005535   Thumb Code     0  fmul.o(x$fpl$fmul)
    _fmul                                    0x08005535   Thumb Code   258  fmul.o(x$fpl$fmul)
    __fpl_fnaninf                            0x08005637   Thumb Code   140  fnaninf.o(x$fpl$fnaninf)
    __fpl_fretinf                            0x080056c3   Thumb Code    10  fretinf.o(x$fpl$fretinf)
    __aeabi_cfrcmple                         0x080056cd   Thumb Code     0  frleqf.o(x$fpl$frleqf)
    _frcmple                                 0x080056cd   Thumb Code    98  frleqf.o(x$fpl$frleqf)
    __aeabi_fsub                             0x08005731   Thumb Code     0  faddsub_clz.o(x$fpl$fsub)
    _fsub                                    0x08005731   Thumb Code   234  faddsub_clz.o(x$fpl$fsub)
    __ieee_status                            0x0800581b   Thumb Code     6  istatus.o(x$fpl$ieeestatus)
    _printf_fp_dec                           0x08005821   Thumb Code     4  printf1.o(x$fpl$printf1)
    __fpl_return_NaN                         0x08005825   Thumb Code   100  retnan.o(x$fpl$retnan)
    __ARM_scalbn                             0x08005889   Thumb Code    92  scalbn.o(x$fpl$scalbn)
    _scanf_real                              0x080058e5   Thumb Code     4  scanf1.o(x$fpl$scanf1)
    _scanf_hex_real                          0x080058e9   Thumb Code     4  scanf2.o(x$fpl$scanf2)
    _scanf_infnan                            0x080058ed   Thumb Code     4  scanf2.o(x$fpl$scanf2)
    __fpl_cmpreturn                          0x080058f1   Thumb Code    48  trapv.o(x$fpl$trapveneer)
    __I$use$fp                               0x08005920   Number         0  usenofp.o(x$fpl$usenofp)
    AHBPrescTable                            0x08005932   Data          16  system_stm32f1xx.o(.constdata)
    APBPrescTable                            0x08005942   Data           8  system_stm32f1xx.o(.constdata)
    Region$$Table$$Base                      0x080059e0   Number         0  anon$$obj.o(Region$$Table)
    Region$$Table$$Limit                     0x08005a00   Number         0  anon$$obj.o(Region$$Table)
    __aeabi_HUGE_VAL                         0x08005a00   Data           0  fpconst.o(c$$dinf)
    __aeabi_HUGE_VALL                        0x08005a00   Data           0  fpconst.o(c$$dinf)
    __aeabi_INFINITY                         0x08005a00   Data           0  fpconst.o(c$$dinf)
    __dInf                                   0x08005a00   Data           0  fpconst.o(c$$dinf)
    __huge_val                               0x08005a00   Data           0  fpconst.o(c$$dinf)
    __dbl_max                                0x08005a08   Data           0  fpconst.o(c$$dmax)
    __ctype                                  0x08005a39   Data           0  lc_ctype_c.o(locale$$data)
    send_tick                                0x20000000   Data           4  main.o(.data)
    uwTickFreq                               0x20000004   Data           1  stm32f1xx_hal.o(.data)
    uwTickPrio                               0x20000008   Data           4  stm32f1xx_hal.o(.data)
    uwTick                                   0x2000000c   Data           4  stm32f1xx_hal.o(.data)
    SystemCoreClock                          0x20000010   Data           4  system_stm32f1xx.o(.data)
    htim2                                    0x20000014   Data          72  main.o(.bss)
    htim3                                    0x2000005c   Data          72  main.o(.bss)
    htim4                                    0x200000a4   Data          72  main.o(.bss)
    huart1                                   0x200000ec   Data          72  main.o(.bss)
    hdma_usart1_rx                           0x20000134   Data          68  main.o(.bss)
    message                                  0x20000178   Data          50  main.o(.bss)
    send_message                             0x200001aa   Data         128  main.o(.bss)
    Motor                                    0x2000022c   Data         144  main.o(.bss)
    hdma_usart1_tx                           0x200002bc   Data          68  main.o(.bss)
    __libspace_start                         0x20000300   Data          96  libspace.o(.bss)
    __temporary_stack_top$libspace           0x20000360   Data           0  libspace.o(.bss)



==============================================================================

Memory Map of the image

  Image Entry point : 0x08000131

  Load Region LR_IROM1 (Base: 0x08000000, Size: 0x00005b50, Max: 0x00040000, ABSOLUTE)

    Execution Region ER_IROM1 (Exec base: 0x08000000, Load base: 0x08000000, Size: 0x00005b3c, Max: 0x00040000, ABSOLUTE)

    Exec Addr    Load Addr    Size         Type   Attr      Idx    E Section Name        Object

    0x08000000   0x08000000   0x00000130   Data   RO            3    RESET               startup_stm32f103xe.o
    0x08000130   0x08000130   0x00000008   Code   RO         2914  * !!!main             c_w.l(__main.o)
    0x08000138   0x08000138   0x00000034   Code   RO         3275    !!!scatter          c_w.l(__scatter.o)
    0x0800016c   0x0800016c   0x0000001a   Code   RO         3277    !!handler_copy      c_w.l(__scatter_copy.o)
    0x08000186   0x08000186   0x00000002   PAD
    0x08000188   0x08000188   0x0000001c   Code   RO         3279    !!handler_zi        c_w.l(__scatter_zi.o)
    0x080001a4   0x080001a4   0x00000000   Code   RO         2905    .ARM.Collect$$_printf_percent$$00000000  c_w.l(_printf_percent.o)
    0x080001a4   0x080001a4   0x00000006   Code   RO         2904    .ARM.Collect$$_printf_percent$$00000003  c_w.l(_printf_f.o)
    0x080001aa   0x080001aa   0x00000006   Code   RO         2903    .ARM.Collect$$_printf_percent$$00000009  c_w.l(_printf_d.o)
    0x080001b0   0x080001b0   0x00000004   Code   RO         2955    .ARM.Collect$$_printf_percent$$00000017  c_w.l(_printf_percent_end.o)
    0x080001b4   0x080001b4   0x00000002   Code   RO         3078    .ARM.Collect$$libinit$$00000000  c_w.l(libinit.o)
    0x080001b6   0x080001b6   0x00000000   Code   RO         3080    .ARM.Collect$$libinit$$00000002  c_w.l(libinit2.o)
    0x080001b6   0x080001b6   0x00000000   Code   RO         3082    .ARM.Collect$$libinit$$00000004  c_w.l(libinit2.o)
    0x080001b6   0x080001b6   0x00000000   Code   RO         3085    .ARM.Collect$$libinit$$0000000A  c_w.l(libinit2.o)
    0x080001b6   0x080001b6   0x00000000   Code   RO         3087    .ARM.Collect$$libinit$$0000000C  c_w.l(libinit2.o)
    0x080001b6   0x080001b6   0x00000000   Code   RO         3089    .ARM.Collect$$libinit$$0000000E  c_w.l(libinit2.o)
    0x080001b6   0x080001b6   0x00000006   Code   RO         3090    .ARM.Collect$$libinit$$0000000F  c_w.l(libinit2.o)
    0x080001bc   0x080001bc   0x00000000   Code   RO         3092    .ARM.Collect$$libinit$$00000011  c_w.l(libinit2.o)
    0x080001bc   0x080001bc   0x0000000c   Code   RO         3093    .ARM.Collect$$libinit$$00000012  c_w.l(libinit2.o)
    0x080001c8   0x080001c8   0x00000000   Code   RO         3094    .ARM.Collect$$libinit$$00000013  c_w.l(libinit2.o)
    0x080001c8   0x080001c8   0x00000000   Code   RO         3096    .ARM.Collect$$libinit$$00000015  c_w.l(libinit2.o)
    0x080001c8   0x080001c8   0x0000000a   Code   RO         3097    .ARM.Collect$$libinit$$00000016  c_w.l(libinit2.o)
    0x080001d2   0x080001d2   0x00000000   Code   RO         3098    .ARM.Collect$$libinit$$00000017  c_w.l(libinit2.o)
    0x080001d2   0x080001d2   0x00000000   Code   RO         3100    .ARM.Collect$$libinit$$00000019  c_w.l(libinit2.o)
    0x080001d2   0x080001d2   0x00000000   Code   RO         3102    .ARM.Collect$$libinit$$0000001B  c_w.l(libinit2.o)
    0x080001d2   0x080001d2   0x00000000   Code   RO         3104    .ARM.Collect$$libinit$$0000001D  c_w.l(libinit2.o)
    0x080001d2   0x080001d2   0x00000000   Code   RO         3106    .ARM.Collect$$libinit$$0000001F  c_w.l(libinit2.o)
    0x080001d2   0x080001d2   0x00000000   Code   RO         3108    .ARM.Collect$$libinit$$00000021  c_w.l(libinit2.o)
    0x080001d2   0x080001d2   0x00000000   Code   RO         3110    .ARM.Collect$$libinit$$00000023  c_w.l(libinit2.o)
    0x080001d2   0x080001d2   0x00000000   Code   RO         3112    .ARM.Collect$$libinit$$00000025  c_w.l(libinit2.o)
    0x080001d2   0x080001d2   0x00000000   Code   RO         3116    .ARM.Collect$$libinit$$0000002C  c_w.l(libinit2.o)
    0x080001d2   0x080001d2   0x00000000   Code   RO         3118    .ARM.Collect$$libinit$$0000002E  c_w.l(libinit2.o)
    0x080001d2   0x080001d2   0x00000000   Code   RO         3120    .ARM.Collect$$libinit$$00000030  c_w.l(libinit2.o)
    0x080001d2   0x080001d2   0x00000000   Code   RO         3122    .ARM.Collect$$libinit$$00000032  c_w.l(libinit2.o)
    0x080001d2   0x080001d2   0x00000002   Code   RO         3123    .ARM.Collect$$libinit$$00000033  c_w.l(libinit2.o)
    0x080001d4   0x080001d4   0x00000002   Code   RO         3207    .ARM.Collect$$libshutdown$$00000000  c_w.l(libshutdown.o)
    0x080001d6   0x080001d6   0x00000000   Code   RO         3232    .ARM.Collect$$libshutdown$$00000002  c_w.l(libshutdown2.o)
    0x080001d6   0x080001d6   0x00000000   Code   RO         3234    .ARM.Collect$$libshutdown$$00000004  c_w.l(libshutdown2.o)
    0x080001d6   0x080001d6   0x00000000   Code   RO         3237    .ARM.Collect$$libshutdown$$00000007  c_w.l(libshutdown2.o)
    0x080001d6   0x080001d6   0x00000000   Code   RO         3240    .ARM.Collect$$libshutdown$$0000000A  c_w.l(libshutdown2.o)
    0x080001d6   0x080001d6   0x00000000   Code   RO         3242    .ARM.Collect$$libshutdown$$0000000C  c_w.l(libshutdown2.o)
    0x080001d6   0x080001d6   0x00000000   Code   RO         3245    .ARM.Collect$$libshutdown$$0000000F  c_w.l(libshutdown2.o)
    0x080001d6   0x080001d6   0x00000002   Code   RO         3246    .ARM.Collect$$libshutdown$$00000010  c_w.l(libshutdown2.o)
    0x080001d8   0x080001d8   0x00000000   Code   RO         2946    .ARM.Collect$$rtentry$$00000000  c_w.l(__rtentry.o)
    0x080001d8   0x080001d8   0x00000000   Code   RO         2972    .ARM.Collect$$rtentry$$00000002  c_w.l(__rtentry2.o)
    0x080001d8   0x080001d8   0x00000006   Code   RO         2984    .ARM.Collect$$rtentry$$00000004  c_w.l(__rtentry4.o)
    0x080001de   0x080001de   0x00000000   Code   RO         2974    .ARM.Collect$$rtentry$$00000009  c_w.l(__rtentry2.o)
    0x080001de   0x080001de   0x00000004   Code   RO         2975    .ARM.Collect$$rtentry$$0000000A  c_w.l(__rtentry2.o)
    0x080001e2   0x080001e2   0x00000000   Code   RO         2977    .ARM.Collect$$rtentry$$0000000C  c_w.l(__rtentry2.o)
    0x080001e2   0x080001e2   0x00000008   Code   RO         2978    .ARM.Collect$$rtentry$$0000000D  c_w.l(__rtentry2.o)
    0x080001ea   0x080001ea   0x00000002   Code   RO         3134    .ARM.Collect$$rtexit$$00000000  c_w.l(rtexit.o)
    0x080001ec   0x080001ec   0x00000000   Code   RO         3168    .ARM.Collect$$rtexit$$00000002  c_w.l(rtexit2.o)
    0x080001ec   0x080001ec   0x00000004   Code   RO         3169    .ARM.Collect$$rtexit$$00000003  c_w.l(rtexit2.o)
    0x080001f0   0x080001f0   0x00000006   Code   RO         3170    .ARM.Collect$$rtexit$$00000004  c_w.l(rtexit2.o)
    0x080001f6   0x080001f6   0x00000002   PAD
    0x080001f8   0x080001f8   0x00000040   Code   RO            4    .text               startup_stm32f103xe.o
    0x08000238   0x08000238   0x00000028   Code   RO         2877    .text               c_w.l(noretval__2sprintf.o)
    0x08000260   0x08000260   0x00000078   Code   RO         2881    .text               c_w.l(_printf_dec.o)
    0x080002d8   0x080002d8   0x0000010e   Code   RO         2891    .text               c_w.l(__printf_wp.o)
    0x080003e6   0x080003e6   0x00000002   PAD
    0x080003e8   0x080003e8   0x0000003c   Code   RO         2906    .text               c_w.l(__0sscanf.o)
    0x08000424   0x08000424   0x0000003e   Code   RO         2908    .text               c_w.l(strlen.o)
    0x08000462   0x08000462   0x0000004e   Code   RO         2910    .text               c_w.l(rt_memclr_w.o)
    0x080004b0   0x080004b0   0x00000006   Code   RO         2912    .text               c_w.l(heapauxi.o)
    0x080004b6   0x080004b6   0x000000b2   Code   RO         2947    .text               c_w.l(_printf_intcommon.o)
    0x08000568   0x08000568   0x0000041e   Code   RO         2949    .text               c_w.l(_printf_fp_dec.o)
    0x08000986   0x08000986   0x00000002   PAD
    0x08000988   0x08000988   0x00000030   Code   RO         2951    .text               c_w.l(_printf_char_common.o)
    0x080009b8   0x080009b8   0x0000000a   Code   RO         2953    .text               c_w.l(_sputc.o)
    0x080009c2   0x080009c2   0x00000002   PAD
    0x080009c4   0x080009c4   0x000004f8   Code   RO         2956    .text               c_w.l(scanf_fp.o)
    0x08000ebc   0x08000ebc   0x0000002c   Code   RO         2958    .text               c_w.l(scanf_char.o)
    0x08000ee8   0x08000ee8   0x00000040   Code   RO         2960    .text               c_w.l(_sgetc.o)
    0x08000f28   0x08000f28   0x00000008   Code   RO         2989    .text               c_w.l(rt_locale_intlibspace.o)
    0x08000f30   0x08000f30   0x00000008   Code   RO         2994    .text               c_w.l(rt_errno_addr_intlibspace.o)
    0x08000f38   0x08000f38   0x0000008a   Code   RO         2996    .text               c_w.l(lludiv10.o)
    0x08000fc2   0x08000fc2   0x00000012   Code   RO         2998    .text               c_w.l(isspace.o)
    0x08000fd4   0x08000fd4   0x00000080   Code   RO         3000    .text               c_w.l(_printf_fp_infnan.o)
    0x08001054   0x08001054   0x00000374   Code   RO         3004    .text               c_w.l(_scanf.o)
    0x080013c8   0x080013c8   0x000000e4   Code   RO         3006    .text               c_w.l(bigflt0.o)
    0x080014ac   0x080014ac   0x00000008   Code   RO         3056    .text               c_w.l(libspace.o)
    0x080014b4   0x080014b4   0x0000004a   Code   RO         3059    .text               c_w.l(sys_stackheap_outer.o)
    0x080014fe   0x080014fe   0x00000002   PAD
    0x08001500   0x08001500   0x00000010   Code   RO         3061    .text               c_w.l(rt_ctype_table.o)
    0x08001510   0x08001510   0x00000016   Code   RO         3063    .text               c_w.l(_rserrno.o)
    0x08001526   0x08001526   0x00000002   PAD
    0x08001528   0x08001528   0x00000320   Code   RO         3065    .text               c_w.l(scanf_hexfp.o)
    0x08001848   0x08001848   0x00000134   Code   RO         3067    .text               c_w.l(scanf_infnan.o)
    0x0800197c   0x0800197c   0x00000012   Code   RO         3069    .text               c_w.l(exit.o)
    0x0800198e   0x0800198e   0x00000002   PAD
    0x08001990   0x08001990   0x00000080   Code   RO         3071    .text               c_w.l(strcmpv7m.o)
    0x08001a10   0x08001a10   0x00000026   Code   RO         3136    .text               c_w.l(llshl.o)
    0x08001a36   0x08001a36   0x0000001c   Code   RO         3138    .text               c_w.l(_chval.o)
    0x08001a52   0x08001a52   0x00000002   PAD
    0x08001a54   0x08001a54   0x0000000c   Code   RO         3197    .text               c_w.l(sys_exit.o)
    0x08001a60   0x08001a60   0x00000002   Code   RO         3222    .text               c_w.l(use_no_semi.o)
    0x08001a62   0x08001a62   0x00000000   Code   RO         3224    .text               c_w.l(indicate_semi.o)
    0x08001a62   0x08001a62   0x0000003e   Code   RO         3009    CL$$btod_d2e        c_w.l(btod.o)
    0x08001aa0   0x08001aa0   0x00000046   Code   RO         3011    CL$$btod_d2e_denorm_low  c_w.l(btod.o)
    0x08001ae6   0x08001ae6   0x00000060   Code   RO         3010    CL$$btod_d2e_norm_op1  c_w.l(btod.o)
    0x08001b46   0x08001b46   0x00000338   Code   RO         3019    CL$$btod_div_common  c_w.l(btod.o)
    0x08001e7e   0x08001e7e   0x00000002   PAD
    0x08001e80   0x08001e80   0x00000084   Code   RO         3017    CL$$btod_e2d        c_w.l(btod.o)
    0x08001f04   0x08001f04   0x000000dc   Code   RO         3016    CL$$btod_e2e        c_w.l(btod.o)
    0x08001fe0   0x08001fe0   0x0000002a   Code   RO         3013    CL$$btod_ediv       c_w.l(btod.o)
    0x0800200a   0x0800200a   0x0000002a   Code   RO         3015    CL$$btod_edivd      c_w.l(btod.o)
    0x08002034   0x08002034   0x0000002a   Code   RO         3012    CL$$btod_emul       c_w.l(btod.o)
    0x0800205e   0x0800205e   0x0000002a   Code   RO         3014    CL$$btod_emuld      c_w.l(btod.o)
    0x08002088   0x08002088   0x00000244   Code   RO         3018    CL$$btod_mult_common  c_w.l(btod.o)
    0x080022cc   0x080022cc   0x00000002   Code   RO          179    i.BusFault_Handler  stm32f1xx_it.o
    0x080022ce   0x080022ce   0x00000002   PAD
    0x080022d0   0x080022d0   0x0000000c   Code   RO          180    i.DMA1_Channel4_IRQHandler  stm32f1xx_it.o
    0x080022dc   0x080022dc   0x0000000c   Code   RO          181    i.DMA1_Channel5_IRQHandler  stm32f1xx_it.o
    0x080022e8   0x080022e8   0x0000002a   Code   RO         1813    i.DMA_SetConfig     stm32f1xx_hal_dma.o
    0x08002312   0x08002312   0x00000002   Code   RO          182    i.DebugMon_Handler  stm32f1xx_it.o
    0x08002314   0x08002314   0x00000004   Code   RO           13    i.Error_Handler     main.o
    0x08002318   0x08002318   0x00000046   Code   RO         1814    i.HAL_DMA_Abort     stm32f1xx_hal_dma.o
    0x0800235e   0x0800235e   0x00000002   PAD
    0x08002360   0x08002360   0x00000130   Code   RO         1815    i.HAL_DMA_Abort_IT  stm32f1xx_hal_dma.o
    0x08002490   0x08002490   0x00000248   Code   RO         1819    i.HAL_DMA_IRQHandler  stm32f1xx_hal_dma.o
    0x080026d8   0x080026d8   0x0000007c   Code   RO         1820    i.HAL_DMA_Init      stm32f1xx_hal_dma.o
    0x08002754   0x08002754   0x00000070   Code   RO         1824    i.HAL_DMA_Start_IT  stm32f1xx_hal_dma.o
    0x080027c4   0x080027c4   0x000001f8   Code   RO         1750    i.HAL_GPIO_Init     stm32f1xx_hal_gpio.o
    0x080029bc   0x080029bc   0x0000000a   Code   RO         1754    i.HAL_GPIO_WritePin  stm32f1xx_hal_gpio.o
    0x080029c6   0x080029c6   0x00000002   PAD
    0x080029c8   0x080029c8   0x0000000c   Code   RO         1444    i.HAL_GetTick       stm32f1xx_hal.o
    0x080029d4   0x080029d4   0x00000010   Code   RO         1450    i.HAL_IncTick       stm32f1xx_hal.o
    0x080029e4   0x080029e4   0x00000024   Code   RO         1451    i.HAL_Init          stm32f1xx_hal.o
    0x08002a08   0x08002a08   0x00000040   Code   RO         1452    i.HAL_InitTick      stm32f1xx_hal.o
    0x08002a48   0x08002a48   0x0000003c   Code   RO          279    i.HAL_MspInit       stm32f1xx_hal_msp.o
    0x08002a84   0x08002a84   0x0000001a   Code   RO         1910    i.HAL_NVIC_EnableIRQ  stm32f1xx_hal_cortex.o
    0x08002a9e   0x08002a9e   0x00000002   PAD
    0x08002aa0   0x08002aa0   0x00000040   Code   RO         1916    i.HAL_NVIC_SetPriority  stm32f1xx_hal_cortex.o
    0x08002ae0   0x08002ae0   0x00000024   Code   RO         1917    i.HAL_NVIC_SetPriorityGrouping  stm32f1xx_hal_cortex.o
    0x08002b04   0x08002b04   0x0000012c   Code   RO         1608    i.HAL_RCC_ClockConfig  stm32f1xx_hal_rcc.o
    0x08002c30   0x08002c30   0x00000020   Code   RO         1615    i.HAL_RCC_GetPCLK1Freq  stm32f1xx_hal_rcc.o
    0x08002c50   0x08002c50   0x00000020   Code   RO         1616    i.HAL_RCC_GetPCLK2Freq  stm32f1xx_hal_rcc.o
    0x08002c70   0x08002c70   0x0000004c   Code   RO         1617    i.HAL_RCC_GetSysClockFreq  stm32f1xx_hal_rcc.o
    0x08002cbc   0x08002cbc   0x00000320   Code   RO         1620    i.HAL_RCC_OscConfig  stm32f1xx_hal_rcc.o
    0x08002fdc   0x08002fdc   0x00000028   Code   RO         1921    i.HAL_SYSTICK_Config  stm32f1xx_hal_cortex.o
    0x08003004   0x08003004   0x00000002   Code   RO         1166    i.HAL_TIMEx_BreakCallback  stm32f1xx_hal_tim_ex.o
    0x08003006   0x08003006   0x00000002   Code   RO         1167    i.HAL_TIMEx_CommutCallback  stm32f1xx_hal_tim_ex.o
    0x08003008   0x08003008   0x0000007c   Code   RO         1185    i.HAL_TIMEx_MasterConfigSynchronization  stm32f1xx_hal_tim_ex.o
    0x08003084   0x08003084   0x0000005a   Code   RO          462    i.HAL_TIM_Base_Init  stm32f1xx_hal_tim.o
    0x080030de   0x080030de   0x00000002   PAD
    0x080030e0   0x080030e0   0x00000054   Code   RO          281    i.HAL_TIM_Base_MspInit  stm32f1xx_hal_msp.o
    0x08003134   0x08003134   0x0000006c   Code   RO          467    i.HAL_TIM_Base_Start_IT  stm32f1xx_hal_tim.o
    0x080031a0   0x080031a0   0x000000dc   Code   RO          471    i.HAL_TIM_ConfigClockSource  stm32f1xx_hal_tim.o
    0x0800327c   0x0800327c   0x000000a4   Code   RO          483    i.HAL_TIM_Encoder_Init  stm32f1xx_hal_tim.o
    0x08003320   0x08003320   0x00000050   Code   RO          283    i.HAL_TIM_Encoder_MspInit  stm32f1xx_hal_msp.o
    0x08003370   0x08003370   0x0000008e   Code   RO          486    i.HAL_TIM_Encoder_Start  stm32f1xx_hal_tim.o
    0x080033fe   0x080033fe   0x00000002   Code   RO          496    i.HAL_TIM_IC_CaptureCallback  stm32f1xx_hal_tim.o
    0x08003400   0x08003400   0x00000130   Code   RO          510    i.HAL_TIM_IRQHandler  stm32f1xx_hal_tim.o
    0x08003530   0x08003530   0x0000004c   Code   RO          284    i.HAL_TIM_MspPostInit  stm32f1xx_hal_msp.o
    0x0800357c   0x0800357c   0x00000002   Code   RO          513    i.HAL_TIM_OC_DelayElapsedCallback  stm32f1xx_hal_tim.o
    0x0800357e   0x0800357e   0x000000cc   Code   RO          534    i.HAL_TIM_PWM_ConfigChannel  stm32f1xx_hal_tim.o
    0x0800364a   0x0800364a   0x0000005a   Code   RO          537    i.HAL_TIM_PWM_Init  stm32f1xx_hal_tim.o
    0x080036a4   0x080036a4   0x00000002   Code   RO          539    i.HAL_TIM_PWM_MspInit  stm32f1xx_hal_tim.o
    0x080036a6   0x080036a6   0x00000002   Code   RO          540    i.HAL_TIM_PWM_PulseFinishedCallback  stm32f1xx_hal_tim.o
    0x080036a8   0x080036a8   0x000000b4   Code   RO          542    i.HAL_TIM_PWM_Start  stm32f1xx_hal_tim.o
    0x0800375c   0x0800375c   0x0000007c   Code   RO          545    i.HAL_TIM_PWM_Stop  stm32f1xx_hal_tim.o
    0x080037d8   0x080037d8   0x0000002c   Code   RO           14    i.HAL_TIM_PeriodElapsedCallback  main.o
    0x08003804   0x08003804   0x00000002   Code   RO          553    i.HAL_TIM_TriggerCallback  stm32f1xx_hal_tim.o
    0x08003806   0x08003806   0x0000004a   Code   RO         2420    i.HAL_UARTEx_ReceiveToIdle_DMA  stm32f1xx_hal_uart.o
    0x08003850   0x08003850   0x000001bc   Code   RO           15    i.HAL_UARTEx_RxEventCallback  main.o
    0x08003a0c   0x08003a0c   0x00000002   Code   RO         2436    i.HAL_UART_ErrorCallback  stm32f1xx_hal_uart.o
    0x08003a0e   0x08003a0e   0x00000002   PAD
    0x08003a10   0x08003a10   0x0000026c   Code   RO         2439    i.HAL_UART_IRQHandler  stm32f1xx_hal_uart.o
    0x08003c7c   0x08003c7c   0x00000064   Code   RO         2440    i.HAL_UART_Init     stm32f1xx_hal_uart.o
    0x08003ce0   0x08003ce0   0x000000dc   Code   RO          286    i.HAL_UART_MspInit  stm32f1xx_hal_msp.o
    0x08003dbc   0x08003dbc   0x00000002   Code   RO         2446    i.HAL_UART_RxCpltCallback  stm32f1xx_hal_uart.o
    0x08003dbe   0x08003dbe   0x00000002   Code   RO         2447    i.HAL_UART_RxHalfCpltCallback  stm32f1xx_hal_uart.o
    0x08003dc0   0x08003dc0   0x00000078   Code   RO         2449    i.HAL_UART_Transmit_DMA  stm32f1xx_hal_uart.o
    0x08003e38   0x08003e38   0x00000002   Code   RO         2451    i.HAL_UART_TxCpltCallback  stm32f1xx_hal_uart.o
    0x08003e3a   0x08003e3a   0x00000002   Code   RO         2452    i.HAL_UART_TxHalfCpltCallback  stm32f1xx_hal_uart.o
    0x08003e3c   0x08003e3c   0x00000002   Code   RO          183    i.HardFault_Handler  stm32f1xx_it.o
    0x08003e3e   0x08003e3e   0x00000002   PAD
    0x08003e40   0x08003e40   0x0000006c   Code   RO           16    i.MX_TIM2_Init      main.o
    0x08003eac   0x08003eac   0x0000009c   Code   RO           17    i.MX_TIM3_Init      main.o
    0x08003f48   0x08003f48   0x00000068   Code   RO           18    i.MX_TIM4_Init      main.o
    0x08003fb0   0x08003fb0   0x00000002   Code   RO          184    i.MemManage_Handler  stm32f1xx_it.o
    0x08003fb2   0x08003fb2   0x00000002   Code   RO          185    i.NMI_Handler       stm32f1xx_it.o
    0x08003fb4   0x08003fb4   0x00000118   Code   RO         2811    i.PID_Motor_Control  motor.o
    0x080040cc   0x080040cc   0x00000084   Code   RO         2812    i.PID_Motor_Get_Infos  motor.o
    0x08004150   0x08004150   0x000000a4   Code   RO         2813    i.PID_Motor_Init    motor.o
    0x080041f4   0x080041f4   0x0000008c   Code   RO         2814    i.PID_Motor_Pos_Control  motor.o
    0x08004280   0x08004280   0x000000d8   Code   RO         2815    i.PID_Motor_Run     motor.o
    0x08004358   0x08004358   0x00000004   Code   RO         2816    i.PID_Motor_Set_Pos  motor.o
    0x0800435c   0x0800435c   0x0000002c   Code   RO         2817    i.PID_Motor_Set_Target  motor.o
    0x08004388   0x08004388   0x00000002   Code   RO          186    i.PendSV_Handler    stm32f1xx_it.o
    0x0800438a   0x0800438a   0x00000002   Code   RO          187    i.SVC_Handler       stm32f1xx_it.o
    0x0800438c   0x0800438c   0x00000004   Code   RO          188    i.SysTick_Handler   stm32f1xx_it.o
    0x08004390   0x08004390   0x0000005e   Code   RO           19    i.SystemClock_Config  main.o
    0x080043ee   0x080043ee   0x00000002   Code   RO         2774    i.SystemInit        system_stm32f1xx.o
    0x080043f0   0x080043f0   0x0000000c   Code   RO          189    i.TIM4_IRQHandler   stm32f1xx_it.o
    0x080043fc   0x080043fc   0x0000009c   Code   RO          555    i.TIM_Base_SetConfig  stm32f1xx_hal_tim.o
    0x08004498   0x08004498   0x0000001a   Code   RO          556    i.TIM_CCxChannelCmd  stm32f1xx_hal_tim.o
    0x080044b2   0x080044b2   0x00000014   Code   RO          566    i.TIM_ETR_SetConfig  stm32f1xx_hal_tim.o
    0x080044c6   0x080044c6   0x00000010   Code   RO          567    i.TIM_ITRx_SetConfig  stm32f1xx_hal_tim.o
    0x080044d6   0x080044d6   0x00000002   PAD
    0x080044d8   0x080044d8   0x00000060   Code   RO          568    i.TIM_OC1_SetConfig  stm32f1xx_hal_tim.o
    0x08004538   0x08004538   0x0000006c   Code   RO          569    i.TIM_OC2_SetConfig  stm32f1xx_hal_tim.o
    0x080045a4   0x080045a4   0x00000068   Code   RO          570    i.TIM_OC3_SetConfig  stm32f1xx_hal_tim.o
    0x0800460c   0x0800460c   0x00000050   Code   RO          571    i.TIM_OC4_SetConfig  stm32f1xx_hal_tim.o
    0x0800465c   0x0800465c   0x00000022   Code   RO          573    i.TIM_TI1_ConfigInputStage  stm32f1xx_hal_tim.o
    0x0800467e   0x0800467e   0x00000024   Code   RO          575    i.TIM_TI2_ConfigInputStage  stm32f1xx_hal_tim.o
    0x080046a2   0x080046a2   0x00000010   Code   RO         2453    i.UART_DMAAbortOnError  stm32f1xx_hal_uart.o
    0x080046b2   0x080046b2   0x0000004a   Code   RO         2454    i.UART_DMAError     stm32f1xx_hal_uart.o
    0x080046fc   0x080046fc   0x00000086   Code   RO         2455    i.UART_DMAReceiveCplt  stm32f1xx_hal_uart.o
    0x08004782   0x08004782   0x0000001e   Code   RO         2457    i.UART_DMARxHalfCplt  stm32f1xx_hal_uart.o
    0x080047a0   0x080047a0   0x00000042   Code   RO         2459    i.UART_DMATransmitCplt  stm32f1xx_hal_uart.o
    0x080047e2   0x080047e2   0x0000000a   Code   RO         2461    i.UART_DMATxHalfCplt  stm32f1xx_hal_uart.o
    0x080047ec   0x080047ec   0x0000004e   Code   RO         2463    i.UART_EndRxTransfer  stm32f1xx_hal_uart.o
    0x0800483a   0x0800483a   0x0000001c   Code   RO         2464    i.UART_EndTxTransfer  stm32f1xx_hal_uart.o
    0x08004856   0x08004856   0x000000c2   Code   RO         2465    i.UART_Receive_IT   stm32f1xx_hal_uart.o
    0x08004918   0x08004918   0x000000b8   Code   RO         2466    i.UART_SetConfig    stm32f1xx_hal_uart.o
    0x080049d0   0x080049d0   0x00000090   Code   RO         2467    i.UART_Start_Receive_DMA  stm32f1xx_hal_uart.o
    0x08004a60   0x08004a60   0x0000000c   Code   RO          190    i.USART1_IRQHandler  stm32f1xx_it.o
    0x08004a6c   0x08004a6c   0x00000002   Code   RO          191    i.UsageFault_Handler  stm32f1xx_it.o
    0x08004a6e   0x08004a6e   0x00000028   Code   RO         3048    i.__ARM_fpclassify  m_ws.l(fpclassify.o)
    0x08004a96   0x08004a96   0x00000020   Code   RO         1923    i.__NVIC_SetPriority  stm32f1xx_hal_cortex.o
    0x08004ab6   0x08004ab6   0x0000000e   Code   RO         3184    i.__mathlib_dbl_overflow  m_ws.l(dunder.o)
    0x08004ac4   0x08004ac4   0x00000010   Code   RO         3186    i.__mathlib_dbl_underflow  m_ws.l(dunder.o)
    0x08004ad4   0x08004ad4   0x00000010   Code   RO         3050    i.__mathlib_narrow  m_ws.l(narrow.o)
    0x08004ae4   0x08004ae4   0x000000bc   Code   RO         3051    i.__mathlib_tofloat  m_ws.l(narrow.o)
    0x08004ba0   0x08004ba0   0x00000016   Code   RO         3156    i.__support_ldexp   m_ws.l(ldexp.o)
    0x08004bb6   0x08004bb6   0x0000000e   Code   RO         2893    i._is_digit         c_w.l(__printf_wp.o)
    0x08004bc4   0x08004bc4   0x00000058   Code   RO         3131    i.frexp             m_ws.l(frexp.o)
    0x08004c1c   0x08004c1c   0x00000074   Code   RO         3157    i.ldexp             m_ws.l(ldexp.o)
    0x08004c90   0x08004c90   0x0000020c   Code   RO           20    i.main              main.o
    0x08004e9c   0x08004e9c   0x0000002c   Code   RO         3032    locale$$code        c_w.l(lc_numeric_c.o)
    0x08004ec8   0x08004ec8   0x0000002c   Code   RO         3141    locale$$code        c_w.l(lc_ctype_c.o)
    0x08004ef4   0x08004ef4   0x00000062   Code   RO         3124    x$fpl$d2f           fz_ws.l(d2f.o)
    0x08004f56   0x08004f56   0x00000002   PAD
    0x08004f58   0x08004f58   0x00000010   Code   RO         3178    x$fpl$dcheck1       fz_ws.l(dcheck1.o)
    0x08004f68   0x08004f68   0x00000018   Code   RO         3145    x$fpl$dcmpinf       fz_ws.l(dcmpi.o)
    0x08004f80   0x08004f80   0x00000078   Code   RO         3126    x$fpl$deqf          fz_ws.l(deqf.o)
    0x08004ff8   0x08004ff8   0x00000078   Code   RO         3147    x$fpl$dleqf         fz_ws.l(dleqf.o)
    0x08005070   0x08005070   0x0000009c   Code   RO         3149    x$fpl$dnaninf       fz_ws.l(dnaninf.o)
    0x0800510c   0x0800510c   0x0000000c   Code   RO         2962    x$fpl$dretinf       fz_ws.l(dretinf.o)
    0x08005118   0x08005118   0x0000006c   Code   RO         3128    x$fpl$drleqf        fz_ws.l(drleqf.o)
    0x08005184   0x08005184   0x00000056   Code   RO         2916    x$fpl$f2d           fz_ws.l(f2d.o)
    0x080051da   0x080051da   0x00000002   PAD
    0x080051dc   0x080051dc   0x000000c4   Code   RO         2918    x$fpl$fadd          fz_ws.l(faddsub_clz.o)
    0x080052a0   0x080052a0   0x00000018   Code   RO         3034    x$fpl$fcmpinf       fz_ws.l(fcmpi.o)
    0x080052b8   0x080052b8   0x00000184   Code   RO         2925    x$fpl$fdiv          fz_ws.l(fdiv.o)
    0x0800543c   0x0800543c   0x00000036   Code   RO         2928    x$fpl$ffix          fz_ws.l(ffix.o)
    0x08005472   0x08005472   0x00000002   PAD
    0x08005474   0x08005474   0x00000030   Code   RO         2933    x$fpl$fflt          fz_ws.l(fflt_clz.o)
    0x080054a4   0x080054a4   0x00000026   Code   RO         2932    x$fpl$ffltu         fz_ws.l(fflt_clz.o)
    0x080054ca   0x080054ca   0x00000002   PAD
    0x080054cc   0x080054cc   0x00000068   Code   RO         2964    x$fpl$fleqf         fz_ws.l(fleqf.o)
    0x08005534   0x08005534   0x00000102   Code   RO         2938    x$fpl$fmul          fz_ws.l(fmul.o)
    0x08005636   0x08005636   0x0000008c   Code   RO         2966    x$fpl$fnaninf       fz_ws.l(fnaninf.o)
    0x080056c2   0x080056c2   0x0000000a   Code   RO         2968    x$fpl$fretinf       fz_ws.l(fretinf.o)
    0x080056cc   0x080056cc   0x00000062   Code   RO         2940    x$fpl$frleqf        fz_ws.l(frleqf.o)
    0x0800572e   0x0800572e   0x00000002   PAD
    0x08005730   0x08005730   0x000000ea   Code   RO         2920    x$fpl$fsub          fz_ws.l(faddsub_clz.o)
    0x0800581a   0x0800581a   0x00000006   Code   RO         3040    x$fpl$ieeestatus    fz_ws.l(istatus.o)
    0x08005820   0x08005820   0x00000004   Code   RO         2942    x$fpl$printf1       fz_ws.l(printf1.o)
    0x08005824   0x08005824   0x00000064   Code   RO         3220    x$fpl$retnan        fz_ws.l(retnan.o)
    0x08005888   0x08005888   0x0000005c   Code   RO         3153    x$fpl$scalbn        fz_ws.l(scalbn.o)
    0x080058e4   0x080058e4   0x00000004   Code   RO         2944    x$fpl$scanf1        fz_ws.l(scanf1.o)
    0x080058e8   0x080058e8   0x00000008   Code   RO         3042    x$fpl$scanf2        fz_ws.l(scanf2.o)
    0x080058f0   0x080058f0   0x00000030   Code   RO         3247    x$fpl$trapveneer    fz_ws.l(trapv.o)
    0x08005920   0x08005920   0x00000000   Code   RO         2970    x$fpl$usenofp       fz_ws.l(usenofp.o)
    0x08005920   0x08005920   0x00000012   Data   RO         1621    .constdata          stm32f1xx_hal_rcc.o
    0x08005932   0x08005932   0x00000010   Data   RO         2775    .constdata          system_stm32f1xx.o
    0x08005942   0x08005942   0x00000008   Data   RO         2776    .constdata          system_stm32f1xx.o
    0x0800594a   0x0800594a   0x00000002   PAD
    0x0800594c   0x0800594c   0x00000094   Data   RO         3007    .constdata          c_w.l(bigflt0.o)
    0x080059e0   0x080059e0   0x00000020   Data   RO         3273    Region$$Table       anon$$obj.o
    0x08005a00   0x08005a00   0x00000008   Data   RO         3036    c$$dinf             fz_ws.l(fpconst.o)
    0x08005a08   0x08005a08   0x00000008   Data   RO         3039    c$$dmax             fz_ws.l(fpconst.o)
    0x08005a10   0x08005a10   0x0000001c   Data   RO         3031    locale$$data        c_w.l(lc_numeric_c.o)
    0x08005a2c   0x08005a2c   0x00000110   Data   RO         3140    locale$$data        c_w.l(lc_ctype_c.o)


    Execution Region RW_IRAM1 (Exec base: 0x20000000, Load base: 0x08005b3c, Size: 0x00000960, Max: 0x0000c000, ABSOLUTE)

    Exec Addr    Load Addr    Size         Type   Attr      Idx    E Section Name        Object

    0x20000000   0x08005b3c   0x00000004   Data   RW           23    .data               main.o
    0x20000004   0x08005b40   0x0000000c   Data   RW         1458    .data               stm32f1xx_hal.o
    0x20000010   0x08005b4c   0x00000004   Data   RW         2777    .data               system_stm32f1xx.o
    0x20000014        -       0x000002a8   Zero   RW           21    .bss                main.o
    0x200002bc        -       0x00000044   Zero   RW           22    .bss                main.o
    0x20000300        -       0x00000060   Zero   RW         3057    .bss                c_w.l(libspace.o)
    0x20000360        -       0x00000200   Zero   RW            2    HEAP                startup_stm32f103xe.o
    0x20000560        -       0x00000400   Zero   RW            1    STACK               startup_stm32f103xe.o


==============================================================================

Image component sizes


      Code (inc. data)   RO Data    RW Data    ZI Data      Debug   Object Name

      1478        304          0          4        748     489807   main.o
       980         32          0          0          0       6126   motor.o
        64         26        304          0       1536        796   startup_stm32f103xe.o
       128         24          0         12          0       5809   stm32f1xx_hal.o
       198         14          0          0          0      28863   stm32f1xx_hal_cortex.o
      1236         52          0          0          0       5026   stm32f1xx_hal_dma.o
       514         42          0          0          0       2864   stm32f1xx_hal_gpio.o
         0          0          0          0          0     481180   stm32f1xx_hal_gpio_ex.o
       520         68          0          0          0       3672   stm32f1xx_hal_msp.o
      1240         84         18          0          0       5040   stm32f1xx_hal_rcc.o
      2312        108          0          0          0      18640   stm32f1xx_hal_tim.o
       128         20          0          0          0       2353   stm32f1xx_hal_tim_ex.o
      1882         38          0          0          0      14387   stm32f1xx_hal_uart.o
        68         24          0          0          0       5466   stm32f1xx_it.o
         2          0         24          4          0       1079   system_stm32f1xx.o

    ----------------------------------------------------------------------
     10766        836        380         20       2284    1071108   Object Totals
         0          0         32          0          0          0   (incl. Generated)
        16          0          2          0          0          0   (incl. Padding)

    ----------------------------------------------------------------------

      Code (inc. data)   RO Data    RW Data    ZI Data      Debug   Library Member Name

        60          8          0          0          0         84   __0sscanf.o
         8          0          0          0          0         68   __main.o
       284          0          0          0          0        156   __printf_wp.o
         0          0          0          0          0          0   __rtentry.o
        12          0          0          0          0          0   __rtentry2.o
         6          0          0          0          0          0   __rtentry4.o
        52          8          0          0          0          0   __scatter.o
        26          0          0          0          0          0   __scatter_copy.o
        28          0          0          0          0          0   __scatter_zi.o
        28          0          0          0          0         68   _chval.o
        48          6          0          0          0         96   _printf_char_common.o
         6          0          0          0          0          0   _printf_d.o
       120         16          0          0          0         92   _printf_dec.o
         6          0          0          0          0          0   _printf_f.o
      1054          0          0          0          0        216   _printf_fp_dec.o
       128         16          0          0          0         84   _printf_fp_infnan.o
       178          0          0          0          0         88   _printf_intcommon.o
         0          0          0          0          0          0   _printf_percent.o
         4          0          0          0          0          0   _printf_percent_end.o
        22          0          0          0          0        100   _rserrno.o
       884          6          0          0          0        100   _scanf.o
        64          0          0          0          0         84   _sgetc.o
        10          0          0          0          0         68   _sputc.o
       228          4        148          0          0         96   bigflt0.o
      2152        136          0          0          0        960   btod.o
        18          0          0          0          0         80   exit.o
         6          0          0          0          0        152   heapauxi.o
         0          0          0          0          0          0   indicate_semi.o
        18          0          0          0          0         76   isspace.o
        44         10        272          0          0         76   lc_ctype_c.o
        44         10         28          0          0         76   lc_numeric_c.o
         2          0          0          0          0          0   libinit.o
        30          0          0          0          0          0   libinit2.o
         2          0          0          0          0          0   libshutdown.o
         2          0          0          0          0          0   libshutdown2.o
         8          4          0          0         96         68   libspace.o
        38          0          0          0          0         68   llshl.o
       138          0          0          0          0         80   lludiv10.o
        40          6          0          0          0         84   noretval__2sprintf.o
        16          4          0          0          0         76   rt_ctype_table.o
         8          4          0          0          0         68   rt_errno_addr_intlibspace.o
         8          4          0          0          0         68   rt_locale_intlibspace.o
        78          0          0          0          0         80   rt_memclr_w.o
         2          0          0          0          0          0   rtexit.o
        10          0          0          0          0          0   rtexit2.o
        44          8          0          0          0         84   scanf_char.o
      1272         16          0          0          0        168   scanf_fp.o
       800         14          0          0          0        100   scanf_hexfp.o
       308         16          0          0          0        100   scanf_infnan.o
       128          0          0          0          0         68   strcmpv7m.o
        62          0          0          0          0         76   strlen.o
        12          4          0          0          0         68   sys_exit.o
        74          0          0          0          0         80   sys_stackheap_outer.o
         2          0          0          0          0         68   use_no_semi.o
        98          4          0          0          0         92   d2f.o
        16          4          0          0          0         68   dcheck1.o
        24          0          0          0          0         68   dcmpi.o
       120          4          0          0          0         92   deqf.o
       120          4          0          0          0         92   dleqf.o
       156          4          0          0          0         92   dnaninf.o
        12          0          0          0          0         68   dretinf.o
       108          0          0          0          0         80   drleqf.o
        86          4          0          0          0         84   f2d.o
       430          8          0          0          0        168   faddsub_clz.o
        24          0          0          0          0         68   fcmpi.o
       388         76          0          0          0         96   fdiv.o
        54          4          0          0          0         84   ffix.o
        86          0          0          0          0        136   fflt_clz.o
       104          4          0          0          0         84   fleqf.o
       258          4          0          0          0         84   fmul.o
       140          4          0          0          0         84   fnaninf.o
         0          0         16          0          0          0   fpconst.o
        10          0          0          0          0         68   fretinf.o
        98          0          0          0          0         68   frleqf.o
         6          0          0          0          0         68   istatus.o
         4          0          0          0          0         68   printf1.o
       100          0          0          0          0         68   retnan.o
        92          0          0          0          0         68   scalbn.o
         4          0          0          0          0         68   scanf1.o
         8          0          0          0          0         84   scanf2.o
        48          0          0          0          0         68   trapv.o
         0          0          0          0          0          0   usenofp.o
        30          6          0          0          0        136   dunder.o
        40          0          0          0          0         68   fpclassify.o
        88          8          0          0          0         76   frexp.o
       138          0          0          0          0        160   ldexp.o
       204          4          0          0          0        168   narrow.o

    ----------------------------------------------------------------------
     11746        444        464          0         96       7000   Library Totals
        30          2          0          0          0          0   (incl. Padding)

    ----------------------------------------------------------------------

      Code (inc. data)   RO Data    RW Data    ZI Data      Debug   Library Name

      8622        300        448          0         96       4224   c_w.l
      2594        124         16          0          0       2168   fz_ws.l
       500         18          0          0          0        608   m_ws.l

    ----------------------------------------------------------------------
     11746        444        464          0         96       7000   Library Totals

    ----------------------------------------------------------------------

==============================================================================


      Code (inc. data)   RO Data    RW Data    ZI Data      Debug   

     22512       1280        844         20       2380    1068744   Grand Totals
     22512       1280        844         20       2380    1068744   ELF Image Totals
     22512       1280        844         20          0          0   ROM Totals

==============================================================================

    Total RO  Size (Code + RO Data)                23356 (  22.81kB)
    Total RW  Size (RW Data + ZI Data)              2400 (   2.34kB)
    Total ROM Size (Code + RO Data + RW Data)      23376 (  22.83kB)

==============================================================================

